Optimizing Linkage Editor (V.9.04.00.000)         16-Jan-2014 15:47:06

*** Options ***

-rom=P=Q,D=R,C=S
-start=VECT,Pinit,Cinit,P,C,D/80000000
-start=Q,R,S,B/8C000000
-start=STACK/8DFF0000
-define=__STACK=8E000000
-entry=80000000
-list
-show=symbol
-optimize=symbol_delete
-form=stype
-nologo
-library=../../../library/amlibL_d.lib
-library=../../../library/amexportL_d.lib
-library=../../../library/amsmcL_d.lib
-library=../../../library/amsoundL_d.lib
-library=../../../library/ammotorL_d.lib
-library=../../../library/SH4ALibL_d.lib
-library=../../../common/DebugL/common.lib
-library=../../../library/agPDevSyncL_d.lib
-library=../../../library/Ag3dL_d.lib
-library=../../../library/AgglL_d.lib
-output=DebugL/BattleShip.s32
DebugL/main.o
DebugL/export.o
DebugL/battleShip.o
DebugL/field.o
DebugL/player.o
DebugL/game.o
DebugL/agtouch.o
DebugL/touch.o

*** Error information ***

*** Mapping List ***

SECTION                            START      END         SIZE   ALIGN

VECT
                                  80000000  800007ff       800   4
Pinit
                                  80000800  8000095b       15c   4
Cinit
                                  8000095c  80000987        2c   4
P
                                  80000988  80007f5b      75d4   4
C
                                  80007f5c  80008be7       c8c   4
D
                                  80008be8  80008c8b        a4   4
Q
                                  8c000000  8c0075d3      75d4   4
R
                                  8c0075d4  8c007677        a4   4
S
                                  8c007678  8c008303       c8c   4
B
                                  8c008304  8c0309b3     286b0   4
STACK
                                  8dff0000  8dff0001         2   4

*** Symbol List ***

SECTION=
FILE=                               START        END    SIZE
  SYMBOL                            ADDR        SIZE    INFO      COUNTS  OPT

SECTION=VECT
FILE=SH7730_vect
                                  80000000  800007ff       800
  __VECTOR_BASE_
                                  80000000         0   none ,g         * 
  _Sh4_Reset_Entry
                                  80000000         0   none ,g         * 
  loop_1
                                  80000050         0   none ,l         * 
  wait_loop_8
                                  80000074         0   none ,l         * 
  _init
                                  800000b8         0   none ,l         * 
  _stack
                                  800000bc         0   none ,l         * 
  _blclr
                                  800000c0         0   none ,l         * 
  _us200
                                  800000c4         0   none ,l         * 
  _wait_refr
                                  800000c8         0   none ,l         * 
  _Sh4_Reset_End
                                  800000cc         0   none ,l         * 
  _Sh4_Exception_Entry1
                                  80000100         0   none ,g         * 
  _Exception_Entry1_Addr
                                  80000160         0   none ,l         * 
  _Sh4_Exception_End1
                                  80000164         0   none ,g         * 
  I_RWDT_RWTCNT
                                  80000200         0   none ,l         * 
  D_RWDT_RWTCNT
                                  80000204         0   none ,l         * 
  I_RWDT_TWTCSR
                                  80000208         0   none ,l         * 
  D_RWDT_TWTCSR
                                  8000020c         0   none ,l         * 
  I_BSC_CMNCR
                                  80000210         0   none ,l         * 
  D_BSC_CMNCR
                                  80000214         0   none ,l         * 
  I_BSC_CS2BCR
                                  80000218         0   none ,l         * 
  D_BSC_CS2BCR
                                  8000021c         0   none ,l         * 
  I_BSC_CS3BCR
                                  80000220         0   none ,l         * 
  D_BSC_CS3BCR
                                  80000224         0   none ,l         * 
  I_BSC_CS5ABCR
                                  80000228         0   none ,l         * 
  D_BSC_CS5ABCR
                                  8000022c         0   none ,l         * 
  I_BSC_CS5BBCR
                                  80000230         0   none ,l         * 
  D_BSC_CS5BBCR
                                  80000234         0   none ,l         * 
  I_BSC_CS2WCR
                                  80000238         0   none ,l         * 
  D_BSC_CS2WCR
                                  8000023c         0   none ,l         * 
  I_BSC_CS3WCR
                                  80000240         0   none ,l         * 
  D_BSC_CS3WCR
                                  80000244         0   none ,l         * 
  I_BSC_CS5AWCR
                                  80000248         0   none ,l         * 
  D_BSC_CS5AWCR
                                  8000024c         0   none ,l         * 
  I_BSC_CS5BWCR
                                  80000250         0   none ,l         * 
  D_BSC_CS5BWCR
                                  80000254         0   none ,l         * 
  I_BSC_SDCR
                                  80000258         0   none ,l         * 
  D_BSC_SDCR
                                  8000025c         0   none ,l         * 
  I_BSC_RTCNT
                                  80000260         0   none ,l         * 
  D_BSC_RTCNT
                                  80000264         0   none ,l         * 
  I_BSC_RTCOR
                                  80000268         0   none ,l         * 
  D_BSC_RTCOR1
                                  8000026c         0   none ,l         * 
  D_BSC_RTCOR2
                                  80000270         0   none ,l         * 
  I_BSC_RTCSR
                                  80000274         0   none ,l         * 
  D_BSC_RTCSR
                                  80000278         0   none ,l         * 
  I_CPG_FRQCR
                                  8000027c         0   none ,l         * 
  D_CPG_FRQCR
                                  80000280         0   none ,l         * 
  I_CPG_PLLCR
                                  80000284         0   none ,l         * 
  D_CPG_PLLCR
                                  80000288         0   none ,l         * 
  I_BSC_SDMR3
                                  8000028c         0   none ,l         * 
  I_CCR
                                  80000290         0   none ,l         * 
  D_CCR
                                  80000294         0   none ,l         * 
  __ocbi_
                                  80000298         0   none ,g         * 
  __ocbp_
                                  8000029e         0   none ,g         * 
  __ocbwb_
                                  800002a4         0   none ,g         * 
  _Sh4_Exception_Entry4
                                  80000400         0   none ,g         * 
  _Exception_Entry4_Addr
                                  80000460         0   none ,l         * 
  _Sh4_Exception_End4
                                  80000464         0   none ,g         * 
  _Sh4_IRQ_Entry
                                  80000600         0   none ,g         * 
  _Intevt2_Entry_Addr
                                  80000640         0   none ,l         * 
  _Sh4_IRQ_End
                                  80000644         0   none ,g         * 

SECTION=Pinit
FILE=SH7730_Main
                                  80000800  8000095b       15c
  __Cache_Purge
                                  80000800        3e   func ,l         *   ch
  __INITSCT
                                  8000083e        a4   func ,l         * 
  __INIT
                                  800008e2        10   func ,g         * 
  __exit
                                  800008f2        14   func ,g         * 
  __main
                                  80000906        56   func ,g         *   ch

SECTION=Cinit
FILE=SH7730_Main
                                  8000095c  80000987        2c
  __P_ROM
                                  8000095c         4   data ,l         * 
  __P_BGN
                                  80000960         4   data ,l         * 
  __P_END
                                  80000964         4   data ,l         * 
  __C_ROM
                                  80000968         4   data ,l         * 
  __C_BGN
                                  8000096c         4   data ,l         * 
  __C_END
                                  80000970         4   data ,l         * 
  __B_BGN
                                  80000974         4   data ,l         * 
  __B_END
                                  80000978         4   data ,l         * 
  __D_ROM
                                  8000097c         4   data ,l         * 
  __D_BGN
                                  80000980         4   data ,l         * 
  __D_END
                                  80000984         4   data ,l         * 

SECTION=P
FILE=DebugL/main.o
                                  80000988  80000daf       428
FILE=DebugL/battleShip.o
                                  80000db0  80001575       7c6
FILE=DebugL/field.o
                                  80001578  80001a6f       4f8
FILE=DebugL/player.o
                                  80001a70  80001e37       3c8
FILE=DebugL/game.o
                                  80001e38  80003667      1830
FILE=DebugL/agtouch.o
                                  80003668  80003a03       39c
FILE=DebugL/touch.o
                                  80003a04  80003b37       134
FILE=amlib
                                  80003b38  80003fbf       488
FILE=agdraw
                                  80003fc0  8000430f       350
FILE=agtransfer
                                  80004310  800044d7       1c8
FILE=dprintf
                                  800044d8  80004e57       980
FILE=agetool
                                  80004e58  8000503f       1e8
FILE=SH7730_agp
                                  80005040  800054d7       498
FILE=SH7730_Sci2
                                  800054d8  8000551f        48
FILE=agPDevSync
                                  80005520  80005c5f       740
FILE=__divls
                                  80005c60  80005d53        f4
FILE=__modls
                                  80005d54  80005e47        f4
FILE=strlen
                                  80005e48  80005e6d        26
FILE=SH7730_Int
                                  80005e70  80006703       894
FILE=SH7730_Sci
                                  80006704  80006777        74
FILE=SH7730_Scif4
                                  80006778  80006a7f       308
FILE=initialize
                                  80006a80  80007357       8d8
FILE=SH7730_GamePad
                                  80007358  8000736f        18
FILE=SH7730_Sci1
                                  80007370  800073ab        3c
FILE=cosf
                                  800073ac  800073e3        38
FILE=sinf
                                  800073e4  8000742b        48
FILE=SH7730_Scif0
                                  8000742c  8000779f       374
FILE=SH7730_Scif1
                                  800077a0  80007ac3       324
FILE=sincosfsub_fpu
                                  80007ac4  80007c8f       1cc
FILE=fmodf
                                  80007c90  80007d9b       10c
FILE=nanf
                                  80007d9c  80007daf        14
FILE=_i_fmds
                                  80007db0  80007f5b       1ac

SECTION=C
FILE=DebugL/main.o
                                  80007f5c  80007faa        4f
FILE=DebugL/export.o
                                  80007fac  80008233       288
FILE=DebugL/battleShip.o
                                  80008234  8000824b        18
FILE=DebugL/game.o
                                  8000824c  80008279        2e
FILE=DebugL/agtouch.o
                                  8000827c  8000829e        23
FILE=dprintf
                                  800082a0  80008316        77
FILE=agetool
                                  80008318  8000879a       483
FILE=agPDevSync
                                  8000879c  800087e7        4c
FILE=agpicture
                                  800087e8  80008803        1c
FILE=SH7730_Int
                                  80008804  80008a44       241
FILE=SH7730_Scif4
                                  80008a48  80008aa0        59
FILE=SH7730_Scif0
                                  80008aa4  80008afc        59
FILE=SH7730_Scif1
                                  80008b00  80008b58        59
FILE=floatval
                                  80008b5c  80008b83        28
FILE=consts
                                  80008b84  80008be7        64

SECTION=D
FILE=DebugL/main.o
                                  80008be8  80008bef         8
FILE=DebugL/agtouch.o
                                  80008bf0  80008c27        38
FILE=dprintf
                                  80008c28  80008c2b         4
FILE=agPDevSync
                                  80008c2c  80008c3f        14
FILE=SH7730_Sci
                                  80008c40  80008c43         4
FILE=SH7730_Scif4
                                  80008c44  80008c47         4
FILE=SH7730_Scif0
                                  80008c48  80008c4b         4
FILE=SH7730_Scif1
                                  80008c4c  80008c4f         4
FILE=sincosfsub_fpu
                                  80008c50  80008c8b        3c

SECTION=Q
FILE=DebugL/main.o
                                  8c000000  8c000427       428
  _drawNumberGraph
                                  8c000000       154   func ,g         * 
  _ifnc_vsync
                                  8c000154        12   func ,l         * 
  _ifnc_draw
                                  8c000166         e   func ,l         * 
  _main
                                  8c000174       2b4   func ,g         *   ch
FILE=DebugL/battleShip.o
                                  8c000428  8c000bed       7c6
  _drawSkeltonBattleShip
                                  8c000428       27e   func ,g         * 
  _drawBattleShip
                                  8c0006a6       242   func ,g         * 
  _drawBattleShip2
                                  8c0008e8       208   func ,g         * 
  _getBattleShipPosition
                                  8c000af0        a4   func ,g         * 
  _isThereBattleShip
                                  8c000b94        5a   func ,g         * 
FILE=DebugL/field.o
                                  8c000bf0  8c0010e7       4f8
  _initField
                                  8c000bf0        ae   func ,g         * 
  _drawField
                                  8c000c9e        be   func ,g         * 
  _drawFieldColor
                                  8c000d5c       38c   func ,g         * 
FILE=DebugL/player.o
                                  8c0010e8  8c0014af       3c8
  _initPlayer
                                  8c0010e8       370   func ,g         * 
  _getBattleShip
                                  8c001458        58   func ,g         *   ch
FILE=DebugL/game.o
                                  8c0014b0  8c002cdf      1830
  _runStart
                                  8c0014b0        44   func ,g         * 
  _drawStart
                                  8c0014f4       10e   func ,g         * 
  _runSet
                                  8c001602       418   func ,g         * 
  _runBattle
                                  8c001a1a       72a   func ,g         *   ch
  _drawSet
                                  8c002144       40c   func ,g         * 
  _drawBattle
                                  8c002550       284   func ,g         *   ch
  _getTouchObject
                                  8c0027d4       14c   func ,g         *   ch
  _getReleaseObject
                                  8c002920        74   func ,g         * 
  _placeable
                                  8c002994        c2   func ,g         * 
  _isPushedRotation
                                  8c002a56        50   func ,g         * 
  _rotationBattleShip
                                  8c002aa6        8c   func ,g         * 
  _isPushedStart
                                  8c002b32        52   func ,g         * 
  _isOverlap
                                  8c002b84       15c   func ,g         * 
FILE=DebugL/agtouch.o
                                  8c002ce0  8c00307b       39c
  _agTouchInit
                                  8c002ce0        50   func ,g         * 
  __agTouchData
                                  8c002d30       240   func ,l         * 
  _agTouchGetData
                                  8c002f70       10c   func ,g         * 
FILE=DebugL/touch.o
                                  8c00307c  8c0031af       134
  _initTouch
                                  8c00307c        42   func ,g         * 
  _getTouch
                                  8c0030be        f2   func ,g         * 
FILE=amlib
                                  8c0031b0  8c003637       488
  _aglInitialize
                                  8c0031b0        7e   func ,g         * 
  _aglGetReg
                                  8c00322e         e   func ,g         * 
  _aglSetReg
                                  8c00323c         c   func ,g         * 
  _aglSetFBIndex
                                  8c003248        44   func ,g         * 
  _aglGetDspAIndex
                                  8c00328c        34   func ,g         * 
  _aglGetDspBIndex
                                  8c0032c0        34   func ,g         * 
  _aglGetDrawFrameA
                                  8c0032f4        1e   func ,g         * 
  _aglGetDrawFrameB
                                  8c003312        24   func ,g         *   ch
  _aglGetDrawFrame
                                  8c003336        56   func ,g         * 
  _aglSwap
                                  8c00338c        20   func ,g         * 
  _aglSwapA
                                  8c0033ac        34   func ,g         * 
  _aglSwapB
                                  8c0033e0        34   func ,g         * 
  _aglWaitVSync
                                  8c003414        24   func ,g         * 
  _aglWaitVSyncA
                                  8c003438        28   func ,g         * 
  _aglWaitVSyncB
                                  8c003460        3c   func ,g         *   ch
  _aglIntHandler
                                  8c00349c        a8   func ,g         * 
  _aglSearchNewCallbackSpace
                                  8c003544        4c   func ,l         *   ch
  _aglAddInterruptCallback
                                  8c003590        98   func ,g         *   ch
  _aglSetMainDisplay
                                  8c003628        10   func ,g         *   ch
FILE=agdraw
                                  8c003638  8c003987       350
  _agDrawBufferInit
                                  8c003638        1c   func ,g         * 
  _agDrawEODL
                                  8c003654        44   func ,g         *   ch
  _agDrawSETDAVR
                                  8c003698        50   func ,g         * 
  _agDrawSETDAVF
                                  8c0036e8        48   func ,g         * 
  _agDrawSETFCOLOR
                                  8c003730        22   func ,g         * 
  _agDrawSETTXATR
                                  8c003752        e6   func ,g         * 
  _agDrawSETDBMODE
                                  8c003838        4a   func ,g         * 
  _agDrawSPRITE
                                  8c003882        68   func ,g         * 
  _agDrawTXLOAD2AAC
                                  8c0038ea        9e   func ,g         * 
FILE=agtransfer
                                  8c003988  8c003b4f       1c8
  _agTransferDrawDMAAsync
                                  8c003988        e4   func ,g         *   ch
  _agTransferDrawWait
                                  8c003a6c        b8   func ,g         *   ch
  _agTransferDrawDMA
                                  8c003b24        2c   func ,g         *   ch
FILE=dprintf
                                  8c003b50  8c0044cf       980
  __prf_check
                                  8c003b50        a0   func ,l         * 
  __prline
                                  8c003bf0        30   func ,l         * 
  __prdata
                                  8c003c20       200   func ,l         * 
  __dprintfunc_init
                                  8c003e20         a   func ,g         * 
  __put_db
                                  8c003e2a        1e   func ,l         * 
  __dprintf
                                  8c003e48       688   func ,g         * 
FILE=agetool
                                  8c0044d0  8c0046b7       1e8
  _ageTransferAAC
                                  8c0044d0       1e8   func ,g         *   ch
FILE=SH7730_agp
                                  8c0046b8  8c004b4f       498
  _agpPreInitialize
                                  8c0046b8        c8   func ,g         *   ch
  _agpPostInitialize
                                  8c004780        dc   func ,g         *   ch
  __Cache_Purge
                                  8c00485c        36   func ,l         * 
  _agpDMAWriteStart
                                  8c004892       23a   func ,g         *   ch
  _agpDMAIsFinish
                                  8c004acc        26   func ,g         * 
  _agpDMAStop
                                  8c004af2         e   func ,g         * 
  _agpDisableCpuInterrupts
                                  8c004b00        10   func ,g         * 
  _agpEnableCpuInterrupts
                                  8c004b10        40   func ,g         * 
FILE=SH7730_Sci2
                                  8c004b50  8c004b97        48
  _IoSci2_Init
                                  8c004b50        1a   func ,g         * 
  _IoSci2_SetRTS
                                  8c004b6a         e   func ,g         * 
  _IoSci2_RecvData
                                  8c004b78        20   func ,g         *   ch
FILE=agPDevSync
                                  8c004b98  8c0052d7       740
  _SendBuff_SetBits
                                  8c004b98        96   func ,l         * 
  _RecvBuff_GetBits
                                  8c004c2e        92   func ,l         * 
  _SendBuff_MakeData
                                  8c004cc0        6e   func ,l         * 
  _Send
                                  8c004d2e        2a   func ,l         * 
  __agPDevSyncSend
                                  8c004d58        50   func ,l         * 
  __agPDevSyncFunc
                                  8c004da8       114   func ,l         *   ch
  _agPDevSyncInit
                                  8c004ebc       1e6   func ,g         * 
  _agPDevSyncIdle
                                  8c0050a2        d8   func ,g         * 
  _agPDevSyncWait
                                  8c00517a        a0   func ,g         * 
  _agPDevSyncGetData
                                  8c00521a        90   func ,g         * 
  _agPDevSyncGetMyID
                                  8c0052aa        2e   func ,g         *   ch
FILE=__divls
                                  8c0052d8  8c0053cb        f4
  
                                  8c0052d8         0   none ,l         * 
  
                                  8c0052e0         0   none ,l         * 
  
                                  8c0052ea         0   none ,l         * 
  __divls
                                  8c0052f0         0   none ,g         * 
  __divlu
                                  8c0052f8         0   none ,g         * 
  
                                  8c005320         0   none ,l         * 
  
                                  8c005378         0   none ,l         * 
  
                                  8c00537e         0   none ,l         * 
FILE=__modls
                                  8c0053cc  8c0054bf        f4
  __modls
                                  8c0053cc         0   none ,g         * 
  
                                  8c0053d2         0   none ,l         * 
  __modlu
                                  8c0053e4         0   none ,g         * 
  
                                  8c00540a         0   none ,l         * 
  
                                  8c005410         0   none ,l         * 
  
                                  8c005462         0   none ,l         * 
  
                                  8c00546a         0   none ,l         * 
  
                                  8c005470         0   none ,l         * 
  
                                  8c0054ba         0   none ,l         * 
FILE=strlen
                                  8c0054c0  8c0054e5        26
  _strlen
                                  8c0054c0        26   func ,g         * 
FILE=SH7730_Int
                                  8c0054e8  8c005d7b       894
  _Intevt_Init
                                  8c0054e8        2e   func ,l         * 
  _Intevt2_SetFunc
                                  8c005516        16   func ,g         * 
  _Intevt2_Entry
                                  8c00552c        78   func ,g         * 
  _INTC_Init
                                  8c0055a4       13a   func ,g         * 
  _INTC_ClearIPR
                                  8c0056de        44   func ,g         * 
  _INTC_GetIPR
                                  8c005722       122   func ,g         * 
  _INTC_SetIPR
                                  8c005844        da   func ,g         * 
  __Exception_Entry
                                  8c00591e       3fc   func ,l         *   ch
  _Exception_Entry1
                                  8c005d1a        12   func ,g         * 
  _Exception_Entry4
                                  8c005d2c        50   func ,g         * 
FILE=SH7730_Sci
                                  8c005d7c  8c005def        74
  _IoSci_Init
                                  8c005d7c        1c   func ,g         *   ch
  _IoSci_PutEnable
                                  8c005d98         a   func ,g         * 
  __putch
                                  8c005da2        18   func ,g         *   ch
  __putch_wait
                                  8c005dba        14   func ,g         *   ch
  __puts
                                  8c005dce        22   func ,g         *   ch
FILE=SH7730_Scif4
                                  8c005df0  8c0060f7       308
  _IoScifx_SET_BRR
                                  8c005df0        fc   func ,l         *   ch
  _IoScif4_Init
                                  8c005eec       14e   func ,g         * 
  _IoScif4_SetRTS
                                  8c00603a        4a   func ,g         *   ch
  _IoScif4_RecvData
                                  8c006084        74   func ,g         *   ch
FILE=initialize
                                  8c0060f8  8c0069cf       8d8
  _agpVDPInitialize
                                  8c0060f8       8d8   func ,g         *   ch
FILE=SH7730_GamePad
                                  8c0069d0  8c0069e7        18
  _agpGamePadGetDipSw
                                  8c0069d0        18   func ,g         *   ch
FILE=SH7730_Sci1
                                  8c0069e8  8c006a23        3c
  _IoSci1_Init
                                  8c0069e8        18   func ,g         *   ch
  _IoSci1_RecvData
                                  8c006a00        10   func ,g         *   ch
  _IoSci1_SendData
                                  8c006a10        14   func ,g         *   ch
FILE=cosf
                                  8c006a24  8c006a5b        38
  _cosf
                                  8c006a24        38   func ,g         * 
FILE=sinf
                                  8c006a5c  8c006aa3        48
  _sinf
                                  8c006a5c        48   func ,g         * 
FILE=SH7730_Scif0
                                  8c006aa4  8c006e17       374
  _IoScifx_SET_BRR
                                  8c006aa4       100   func ,l         * 
  _IoScif0_Init
                                  8c006ba4       14c   func ,g         *   ch
  _IoScif0_SendReady
                                  8c006cf0        68   func ,g         *   ch
  _IoScif0_SendData
                                  8c006d58        2e   func ,g         * 
  __ioscif0_putch
                                  8c006d86        32   func ,g         * 
  __ioscif0_putch_wait
                                  8c006db8        24   func ,g         * 
  __ioscif0_puts
                                  8c006ddc        3c   func ,g         *   ch
FILE=SH7730_Scif1
                                  8c006e18  8c00713b       324
  _IoScifx_SET_BRR
                                  8c006e18       100   func ,l         * 
  _IoScif1_Init
                                  8c006f18       14c   func ,g         *   ch
  _IoScif1_RecvData
                                  8c007064        a6   func ,g         * 
  _IoScif1_SendData
                                  8c00710a        32   func ,g         *   ch
FILE=sincosfsub_fpu
                                  8c00713c  8c007307       1cc
  ___poly_sinf
                                  8c00713c        4c   func ,g         * 
  ___poly_cosf
                                  8c007188        42   func ,g         * 
  _poly_cosfn
                                  8c0071ca         e   func ,l         * 
  _poly_sinfn
                                  8c0071d8         e   func ,l         * 
  _sincosf_special
                                  8c0071e6        52   func ,l         * 
  ___internal_sincosf
                                  8c007238        d0   func ,g         * 
FILE=fmodf
                                  8c007308  8c007413       10c
  __istypes
                                  8c007308        4a   func ,l         * 
  __in_truncs
                                  8c007352        38   func ,l         * 
  __polinos
                                  8c00738a        22   func ,l         * 
  _fmodf
                                  8c0073ac        68   func ,g         * 
FILE=nanf
                                  8c007414  8c007427        14
  ___nanf_value
                                  8c007414        14   func ,g         * 
FILE=_i_fmds
                                  8c007428  8c0075d3       1ac
  __istypes
                                  8c007428        4a   func ,l         * 
  __in_truncs
                                  8c007472        38   func ,l         * 
  __polinos
                                  8c0074aa        22   func ,l         * 
  __in_fmods
                                  8c0074cc       108   func ,g         * 

SECTION=R
FILE=DebugL/main.o
                                  8c0075d4  8c0075db         8
  __SystemVSyncCount
                                  8c0075d4         4   data ,l         * 
  _DrawExecFlag
                                  8c0075d8         4   data ,l         * 
FILE=DebugL/agtouch.o
                                  8c0075dc  8c007613        38
  _L_SCALE_X
                                  8c0075dc         4   data ,l         * 
  _L_SCALE_Y
                                  8c0075e0         4   data ,l         * 
  _agTouchInit_Flag
                                  8c0075e4         4   data ,l         * 
  _touch_data_exist
                                  8c0075e8         4   data ,l         * 
  _sync_loop$11
                                  8c0075ec         4   data ,l         * 
  _sync_chck$12
                                  8c0075f0         4   data ,l         * 
  __sync_loop$13
                                  8c0075f4         4   data ,l         * 
  _data_nums$14
                                  8c0075f8         4   data ,l         * 
  _init_flag$15
                                  8c0075fc         4   data ,l         * 
  _data_rpos$17
                                  8c007600         4   data ,l         * 
  _px$18
                                  8c007604         4   data ,l         * 
  _py$19
                                  8c007608         4   data ,l         * 
  _pd$20
                                  8c00760c         4   data ,l         * 
  _init_skip$34
                                  8c007610         4   data ,l         * 
FILE=dprintf
                                  8c007614  8c007617         4
  __putch_func
                                  8c007614         4   data ,l         * 
FILE=agPDevSync
                                  8c007618  8c00762b        14
  _SyncMode
                                  8c007618         4   data ,l         * 
  _SyncID
                                  8c00761c         4   data ,l         * 
  _SyncStat
                                  8c007620         4   data ,l         * 
  _SendBuff_BitPos
                                  8c007624         4   data ,l         * 
  _RecvBuff_BitPos
                                  8c007628         4   data ,l         * 
FILE=SH7730_Sci
                                  8c00762c  8c00762f         4
  _sci_skip
                                  8c00762c         4   data ,l         * 
FILE=SH7730_Scif4
                                  8c007630  8c007633         4
  _IoScifx_Init_Flag
                                  8c007630         4   data ,l         * 
FILE=SH7730_Scif0
                                  8c007634  8c007637         4
  _IoScifx_Init_Flag
                                  8c007634         4   data ,l         * 
FILE=SH7730_Scif1
                                  8c007638  8c00763b         4
  _IoScifx_Init_Flag
                                  8c007638         4   data ,l         * 
FILE=sincosfsub_fpu
                                  8c00763c  8c007677        3c
  _sinf_coeff
                                  8c00763c        10   data ,l         * 
  _cosf_coeff
                                  8c00764c        10   data ,l         * 
  _pi4ptr_table
                                  8c00765c         c   data ,l         * 
  _sub_table
                                  8c007668        10   data ,l         * 

SECTION=S
FILE=DebugL/main.o
                                  8c007678  8c0076c6        4f
FILE=DebugL/export.o
                                  8c0076c8  8c00794f       288
  _ageRM
                                  8c0076c8       288   data ,g         * 
FILE=DebugL/battleShip.o
                                  8c007950  8c007967        18
FILE=DebugL/game.o
                                  8c007968  8c007995        2e
FILE=DebugL/agtouch.o
                                  8c007998  8c0079ba        23
FILE=dprintf
                                  8c0079bc  8c007a32        77
  _la_str$14
                                  8c0079bc        13   data ,l         * 
  _ua_str$15
                                  8c0079cf        13   data ,l         * 
  _lk_str$16
                                  8c0079e2        25   data ,l         * 
  _uk_str$17
                                  8c007a07        25   data ,l         * 
FILE=agetool
                                  8c007a34  8c007eb6       483
  _CMMap
                                  8c007a34        24   data ,l         * 
  _CompressMap
                                  8c007a58        24   data ,l         * 
FILE=agPDevSync
                                  8c007eb8  8c007f03        4c
FILE=agpicture
                                  8c007f04  8c007f1f        1c
FILE=SH7730_Int
                                  8c007f20  8c008160       241
FILE=SH7730_Scif4
                                  8c008164  8c0081bc        59
FILE=SH7730_Scif0
                                  8c0081c0  8c008218        59
FILE=SH7730_Scif1
                                  8c00821c  8c008274        59
FILE=floatval
                                  8c008278  8c00829f        28
  __FLT_MAX_VAL
                                  8c008278         0   none ,g         * 
  __FLT_MIN_VAL
                                  8c00827c         0   none ,g         * 
  __DBL_MAX_VAL
                                  8c008280         0   none ,g         * 
  __DBL_MIN_VAL
                                  8c008288         0   none ,g         * 
  __LDBL_MAX_VAL
                                  8c008290         0   none ,g         * 
  __LDBL_MIN_VAL
                                  8c008298         0   none ,g         * 
FILE=consts
                                  8c0082a0  8c008303        64
  __IFNANS
                                  8c0082a0         4   data ,g         * 
  __IFZEROS
                                  8c0082a4         4   data ,g         * 
  __IFINFS
                                  8c0082a8         4   data ,g         * 
  __IFONES
                                  8c0082ac         4   data ,g         * 
  __HALFS
                                  8c0082b0         4   data ,g         * 
  __QUOTS
                                  8c0082b4         4   data ,g         * 
  __TWOS
                                  8c0082b8         4   data ,g         * 
  __FOURS
                                  8c0082bc         4   data ,g         * 
  __PAIS
                                  8c0082c0         4   data ,g         * 
  __2PAIS
                                  8c0082c4         4   data ,g         * 
  __HLFPAIS
                                  8c0082c8         4   data ,g         * 
  __QUOPAIS
                                  8c0082cc         4   data ,g         * 
  __LOGE2S
                                  8c0082d0         4   data ,g         * 
  __NIFZEROS
                                  8c0082d4         4   data ,g         * 
  __NIFINFS
                                  8c0082d8         4   data ,g         * 
  __NIFONES
                                  8c0082dc         4   data ,g         * 
  __NHALFS
                                  8c0082e0         4   data ,g         * 
  __NQUOTS
                                  8c0082e4         4   data ,g         * 
  __NTWOS
                                  8c0082e8         4   data ,g         * 
  __NFOURS
                                  8c0082ec         4   data ,g         * 
  __NPAIS
                                  8c0082f0         4   data ,g         * 
  __N2PAIS
                                  8c0082f4         4   data ,g         * 
  __NHLFPAIS
                                  8c0082f8         4   data ,g         * 
  __NQUOPAIS
                                  8c0082fc         4   data ,g         * 
  __NLOGE2S
                                  8c008300         4   data ,g         * 

SECTION=B
FILE=DebugL/game.o
                                  8c008304  8c030333     28030
  _DrawBuffer
                                  8c008304     28000   data ,g         * 
  _hold
                                  8c030304        30   data ,g         * 
FILE=DebugL/agtouch.o
                                  8c030334  8c030338         5
  _data_buff$16
                                  8c030334         5   data ,l         * 
FILE=amlib
                                  8c03033c  8c030563       228
  _int_flags
                                  8c03033c        1c   data ,l         * 
  _VCntA
                                  8c030358         4   data ,l         * 
  _VCntB
                                  8c03035c         4   data ,l         * 
  _g_DispFrameA
                                  8c030360         1   data ,l         * 
  _g_DispFrameB
                                  8c030361         1   data ,l         * 
  _g_MainDisplay
                                  8c030362         1   data ,l         * 
  _g_CallbackChain
                                  8c030364       200   data ,l         * 
FILE=agPDevSync
                                  8c030564  8c0305af        4c
  _pdev_data
                                  8c030564        18   data ,l         * 
  _pdev_back
                                  8c03057c        18   data ,l         * 
  _SendBuff
                                  8c030594         7   data ,l         * 
  _RecvBuff
                                  8c03059b         7   data ,l         * 
  _SyncBuff
                                  8c0305a2         e   data ,l         * 
FILE=SH7730_Int
                                  8c0305b0  8c0309af       400
  _intevt_table
                                  8c0305b0       200   data ,l         * 
  _intevt_error
                                  8c0307b0       200   data ,l         * 
FILE=_errno
                                  8c0309b0  8c0309b3         4
  __errno
                                  8c0309b0         4   data ,g         * 

SECTION=STACK
FILE=SH7730_vect
                                  8dff0000  8dff0001         2

Absolute value symbols
FILE=SH7730_vect
  ICLK
                                  0bebc200         0   none ,l         * 
  __STACK
                                  8e000000         0   none ,g         * 

*** Delete Symbols ***

SYMBOL                                SIZE    INFO

_ageRM3
                                        18    data ,g
_ageReserve
                                         4    data ,g
_ageUser
                                         4    data ,g
_ageVG
                                         8    data ,g
_ageVGCnt
                                         2    data ,g
_ageMot
                                        18    data ,g
_ageSRM
                                         8    data ,g
_ageSS
                                        10    data ,g
_ageMotCommon
                                         4    data ,g
_initBattleShip
                                         4    func ,g
_initGame
                                        10    func ,g
_aglSetFBEnable
                                        1e    func ,w
_aglGetFBIndex
                                        60    func ,w
_aglGetFBGAddr
                                        26    func ,w
_aglGetFBHSize
                                        20    func ,w
_aglGetFBEnable
                                        1a    func ,w
_aglGetDspIndex
                                        2a    func ,w
_aglGetDispFrameA
                                        1a    func ,w
_aglGetDispFrameB
                                        1a    func ,w
_aglGetDispFrame
                                        2a    func ,w
_aglSwapDispOff
                                        20    func ,w
_aglSwapADispOff
                                        2e    func ,w
_aglSwapBDispOff
                                        2e    func ,w
_aglDispOn
                                        26    func ,w
_aglDispOnA
                                        48    func ,w
_aglDispOnB
                                        48    func ,w
_aglWaitVSyncN
                                        26    func ,w
_aglWaitVSyncNA
                                        2e    func ,w
_aglWaitVSyncNB
                                        4a    func ,w
_aglWaitVLine
                                        20    func ,w
_aglWaitVLineA
                                        20    func ,w
_aglWaitVLineB
                                        20    func ,w
_aglWaitDrawInt
                                        20    func ,w
_aglWaitDraw
                                        20    func ,w
_aglWaitTransferA
                                        1c    func ,w
_aglWaitTransferB
                                        20    func ,w
_aglWaitCheckSum
                                        20    func ,w
_aglWaitSMC1
                                        20    func ,w
_aglWaitSMC2
                                        20    func ,w
_aglGetActiveInterrupts
                                        12    func ,w
_aglSetActiveInterrupts
                                        10    func ,w
_aglGetInterruptCallback
                                        1c    func ,w
_aglInsertInterruptCallback
                                        a6    func ,w
_aglRemoveInterruptCallback
                                        b4    func ,w
_aglGetVSyncFlag
                                        26    func ,w
_aglGetVSyncFlagA
                                        10    func ,w
_aglGetVSyncFlagB
                                        10    func ,w
_aglSetVSyncFlag
                                        20    func ,w
_aglSetVSyncFlagA
                                         a    func ,w
_aglSetVSyncFlagB
                                         a    func ,w
_aglGetVLineFlag
                                        26    func ,w
_aglGetVLineFlagA
                                        10    func ,w
_aglGetVLineFlagB
                                        10    func ,w
_aglSetVLineFlag
                                        2c    func ,w
_aglSetVLineFlagA
                                         a    func ,w
_aglSetVLineFlagB
                                         a    func ,w
_aglGetDrawIntFlag
                                        10    func ,w
_aglSetDrawIntFlag
                                         a    func ,w
_aglGetDrawErrorFlag
                                        10    func ,w
_aglSetDrawErrorFlag
                                         a    func ,w
_aglGetDrawFlag
                                        10    func ,w
_aglSetDrawFlag
                                         a    func ,w
_aglGetTransferAFlag
                                         e    func ,w
_aglSetTransferAFlag
                                         8    func ,w
_aglGetTransferBFlag
                                        10    func ,w
_aglSetTransferBFlag
                                         a    func ,w
_aglGetCheckSumFlag
                                        10    func ,w
_aglSetCheckSumFlag
                                         a    func ,w
_aglGetRM3ErrorFlag
                                        10    func ,w
_aglSetRM3ErrorFlag
                                         a    func ,w
_aglGetSoundSeqErrFlag
                                        10    func ,w
_aglSetSoundSeqErrFlag
                                         a    func ,w
_aglGetSoundDecErrFlag
                                        10    func ,w
_aglSetSoundDecErrFlag
                                         a    func ,w
_aglGetSoundBusErrFlag
                                        10    func ,w
_aglSetSoundBusErrFlag
                                         a    func ,w
_aglGetSoundDataErrFlag
                                        10    func ,w
_aglSetSoundDataErrFlag
                                         a    func ,w
_aglGetSoundPeakErrFlag
                                        10    func ,w
_aglSetSoundPeakErrFlag
                                         a    func ,w
_aglGetSoundFIFOEmptyFlag
                                        10    func ,w
_aglSetSoundFIFOEmptyFlag
                                         a    func ,w
_aglGetSoundCmdListFlag
                                        10    func ,w
_aglSetSoundCmdListFlag
                                         a    func ,w
_aglGetSMC1Flag
                                        10    func ,w
_aglSetSMC1Flag
                                         a    func ,w
_aglGetSMC2Flag
                                        10    func ,w
_aglSetSMC2Flag
                                         a    func ,w
_aglGetSMCMotorFlag
                                        10    func ,w
_aglSetSMCMotorFlag
                                         a    func ,w
_aglGetSMCInputFlag
                                        10    func ,w
_aglSetSMCInputFlag
                                         a    func ,w
_aglGetVsyncCount
                                        26    func ,w
_aglGetVsyncCountA
                                         c    func ,w
_aglGetVsyncCountB
                                         c    func ,w
_aglGetMainDisplay
                                        1c    func ,w
_agDrawNOP
                                        1a    func ,w
_agDrawBFLUSH
                                        2c    func ,w
_agDrawIDXEFCLR
                                        24    func ,w
_agDrawIDXEFWAIT
                                        24    func ,w
_agDrawJUMPSUB
                                        36    func ,w
_agDrawDL2VRAM
                                        36    func ,w
_agDrawINT
                                        2a    func ,w
_agDrawEXERM3DEC
                                        46    func ,w
_agDrawEXERM3DEC_START
                                        3a    func ,w
_agDrawSETPXMASK
                                        24    func ,w
_agDrawSETATEST
                                        3e    func ,w
_agDrawSETDTEST
                                        2e    func ,w
_agDrawSETSPRITEZ
                                        20    func ,w
_agDrawSETFOG
                                        4a    func ,w
_agDrawSETINDEX
                                        3c    func ,w
_agDrawSETPRMBLNDA
                                        50    func ,w
_agDrawSETPBCNSTA
                                        4a    func ,w
_agDrawSETPRMBLNDC
                                        50    func ,w
_agDrawSETPBCNSTC
                                        4a    func ,w
_agDrawSETALPHABLNDA
                                        86    func ,w
_agDrawSETALPHABLNDC
                                        86    func ,w
_agDrawSETFPRMPAR
                                        90    func ,w
_agDrawRECTANGLE
                                        4a    func ,w
_agDrawSPRITE_UV
                                        9e    func ,w
_agDrawTRIANGLE
                                        64    func ,w
_agDrawTRIANGLE_T
                                        68    func ,w
_agDrawTRIANGLE_TP
                                        6c    func ,w
_agDrawTRIANGLE_TC
                                        6c    func ,w
_agDrawTRIANGLE_TPC
                                        68    func ,w
_agDrawTRIANGLE_PC
                                        76    func ,w
_agDrawTRIANGLE_P
                                        68    func ,w
_agDrawTRIANGLE_C
                                        68    func ,w
_agDrawSETAACINDEX
                                        2a    func ,w
_agDrawSETOFSCGBTX
                                        22    func ,w
_agDrawSetDList
                                        2c    func ,w
_agDrawUSER
                                        1a    func ,w
_agDrawUSER1
                                        1e    func ,w
_agDrawUSER2
                                        22    func ,w
_agTransferDrawFIFO
                                       22e    func ,w
_agTransferCgromToVram
                                        b6    func ,w
_agTransferCgromToVram2D
                                        f6    func ,w
_GetBlankArea
                                        68    func ,l
_GetBlankRM3Area
                                        3c    func ,l
_ageTexMgrSetIndex
                                        9e    func ,l
_ageTexMgrAllocRM3Container
                                       4c6    func ,l
_ageTexMgrTransferImage2DRM3
                                       3b6    func ,l
_ageTexMgrTransferImage2D
                                       220    func ,l
_ageTexMgrAllocRM3FixedAdder
                                       346    func ,l
_PalSizeMap
                                        24    data ,l
_pTMgr
                                         4    data ,l
_ageTransferAAC_Biliner
                                       206    func ,w
_ageTransferAAC_AP
                                       38a    func ,w
_ageTransferAAC_RM3
                                       256    func ,w
_ageTransferAAC_RM3_AP
                                       3ee    func ,w
_ageTexMgrInit
                                       14e    func ,w
_ageTexMgrAlloc
                                       188    func ,w
_ageTexMgrRemove
                                        b6    func ,w
_ageTexMgrRemoveType
                                        24    func ,w
_ageTexMgrRemoveTemporarySizeOnly
                                        78    func ,w
_ageTexMgrRemoveAllTemporaryIndex
                                        62    func ,w
_ageTexMgrRemoveTemporaryIndex
                                        82    func ,w
_ageTexMgrFindType
                                        6c    func ,w
_ageTexMgrSetStaticArea
                                       12a    func ,w
_ageTexMgrSetFixedArea
                                       100    func ,w
_ageTexMgrSetAttr
                                       3d8    func ,w
_ageTexMgrRM3Alloc
                                       3be    func ,w
_ageTexMgrInitRM3
                                        70    func ,w
_ageTexMgrRemoveRM3
                                       192    func ,w
_ageTexMgrRM3Decode
                                       282    func ,w
_ageTexMgrRM3DecodeRate
                                        a4    func ,w
_ageTexMgrRM3DecodeWait
                                       10a    func ,w
_ageTexMgrSetRM3Attr
                                       186    func ,w
_ageTexMgrGetRM3RomIndex
                                        52    func ,w
_ageTransferToVRAM
                                        c0    func ,w
_ageTransferToVRAM2D
                                        fc    func ,w
_ageTexMgrTransferVramGroup
                                       1fc    func ,w
_ageTexMgrInitRM3Member
                                       194    func ,w
_ageTexMgrDecodeRM3Member
                                        9a    func ,w
_ageTexMgrGetRM3MemberHandle
                                        84    func ,w
_ageTexMgrDecodeRateRM3Member
                                        9e    func ,w
_ageTexMgrSetRM3MemberAttr
                                        c4    func ,w
_ageTexMgrRemoveVramGroup
                                       122    func ,w
_ageTexMgrGetRM3Index
                                        3a    func ,w
_ageTexMgrGetRM3AlphaIndex
                                        88    func ,w
_ageTexMgrGetRM3NextIndex
                                        ae    func ,w
_ageTexMgrGetRM3NowFrame
                                        3e    func ,w
_agpDMAWait
                                        20    func ,w
_IoSci2_RecvReady
                                        12    func ,w
_IoSci2_SendReady
                                        12    func ,w
_IoSci2_SendData
                                        2e    func ,w
_agPDevSyncGetMode
                                         a    func ,w
_agPictureDrawContainer
                                       52a    func ,l
_agPictureRM3Container
                                       49a    func ,l
_agPictureRotTex_Base
                                       2d4    func ,l
_agPictureDivideContainer
                                       1ae    func ,w
_agPictureSetBlendMode
                                      1d8a    func ,w
_agPictureRect
                                       18a    func ,w
_agPictureTex
                                       25e    func ,w
_agPictureRM3
                                       21e    func ,w
_agPictureRM3I
                                       2b0    func ,w
_agPictureStretchTex
                                       1de    func ,w
_agPictureStretchRM3
                                       1c8    func ,w
_agPictureStretchRM3I
                                       1d8    func ,w
_agPictureRotRect
                                       2a0    func ,w
_agPictureRotTex
                                        8c    func ,w
_agPictureRotRM3
                                        76    func ,w
_agPictureRotRM3I
                                        7a    func ,w
_IoSci_PutDisable
                                         a    func ,w
__kbhit
                                        20    func ,w
__getch
                                        20    func ,w
_IoScif4_RecvReady
                                        54    func ,w
_IoScif4_SendReady
                                        6e    func ,w
_IoScif4_SendData
                                        2e    func ,w
__ioscif4_kbhit
                                        28    func ,w
__ioscif4_getch
                                        3c    func ,w
__ioscif4_putch
                                        32    func ,w
__ioscif4_putch_wait
                                        26    func ,w
__ioscif4_puts
                                        46    func ,w
_agpSoundInitialize
                                        58    func ,w
_agpGamePadGetData
                                        40    func ,w
_IoSci1_SetRTS
                                         e    func ,w
_IoSci1_RecvReady
                                        12    func ,w
_IoSci1_SendReady
                                        12    func ,w
_IoScif0_SetRTS
                                         6    func ,w
_IoScif0_RecvReady
                                        50    func ,w
_IoScif0_RecvData
                                        a6    func ,w
__ioscif0_kbhit
                                        28    func ,w
__ioscif0_getch
                                        3c    func ,w
_IoScif1_SetRTS
                                         6    func ,w
_IoScif1_RecvReady
                                        50    func ,w
_IoScif1_SendReady
                                        24    func ,w
__ioscif1_kbhit
                                        28    func ,w
__ioscif1_getch
                                        3c    func ,w
__ioscif1_putch
                                        32    func ,w
__ioscif1_putch_wait
                                        24    func ,w
__ioscif1_puts
                                        3e    func ,w

*** Variable Accessible with Abs8 ***

SYMBOL                                SIZE    COUNTS  OPTIMIZE

*** Variable Accessible with Abs16 ***

SYMBOL                                SIZE    COUNTS  OPTIMIZE

*** Function Call ***

SYMBOL                              COUNTS  OPTIMIZE
