Optimizing Linkage Editor (V.9.04.00.000)         30-Dec-2013 19:13:04

*** Options ***

-rom=P=Q,D=R,C=S
-start=VECT,Pinit,Cinit,P,C,D/80000000
-start=Q,R,S,B/8C000000
-start=STACK/8DFF0000
-define=__STACK=8E000000
-entry=80000000
-list
-show=symbol
-optimize=symbol_delete
-form=stype
-nologo
-library=../../../library/amlibL_d.lib
-library=../../../library/amexportL_d.lib
-library=../../../library/amsmcL_d.lib
-library=../../../library/amsoundL_d.lib
-library=../../../library/ammotorL_d.lib
-library=../../../library/SH4ALibL_d.lib
-library=../../../common/DebugL/common.lib
-library=../../../library/agPDevSyncL_d.lib
-output=DebugL/BattleShip.s32
DebugL/main.o
DebugL/export.o
DebugL/battleShip.o
DebugL/field.o
DebugL/player.o
DebugL/game.o
DebugL/agtouch.o
DebugL/touch.o

*** Error information ***

*** Mapping List ***

SECTION                            START      END         SIZE   ALIGN

VECT
                                  80000000  800007ff       800   4
Pinit
                                  80000800  8000095b       15c   4
Cinit
                                  8000095c  80000987        2c   4
P
                                  80000988  8000624b      58c4   4
C
                                  8000624c  80006db7       b6c   4
D
                                  80006db8  80006e4f        98   4
Q
                                  8c000000  8c0058c3      58c4   4
R
                                  8c0058c4  8c00595b        98   4
S
                                  8c00595c  8c0064c7       b6c   4
B
                                  8c0064c8  8c02eb5b     28694   4
STACK
                                  8dff0000  8dff0001         2   4

*** Symbol List ***

SECTION=
FILE=                               START        END    SIZE
  SYMBOL                            ADDR        SIZE    INFO      COUNTS  OPT

SECTION=VECT
FILE=SH7730_vect
                                  80000000  800007ff       800
  __VECTOR_BASE_
                                  80000000         0   none ,g         * 
  _Sh4_Reset_Entry
                                  80000000         0   none ,g         * 
  loop_1
                                  80000050         0   none ,l         * 
  wait_loop_8
                                  80000074         0   none ,l         * 
  _init
                                  800000b8         0   none ,l         * 
  _stack
                                  800000bc         0   none ,l         * 
  _blclr
                                  800000c0         0   none ,l         * 
  _us200
                                  800000c4         0   none ,l         * 
  _wait_refr
                                  800000c8         0   none ,l         * 
  _Sh4_Reset_End
                                  800000cc         0   none ,l         * 
  _Sh4_Exception_Entry1
                                  80000100         0   none ,g         * 
  _Exception_Entry1_Addr
                                  80000160         0   none ,l         * 
  _Sh4_Exception_End1
                                  80000164         0   none ,g         * 
  I_RWDT_RWTCNT
                                  80000200         0   none ,l         * 
  D_RWDT_RWTCNT
                                  80000204         0   none ,l         * 
  I_RWDT_TWTCSR
                                  80000208         0   none ,l         * 
  D_RWDT_TWTCSR
                                  8000020c         0   none ,l         * 
  I_BSC_CMNCR
                                  80000210         0   none ,l         * 
  D_BSC_CMNCR
                                  80000214         0   none ,l         * 
  I_BSC_CS2BCR
                                  80000218         0   none ,l         * 
  D_BSC_CS2BCR
                                  8000021c         0   none ,l         * 
  I_BSC_CS3BCR
                                  80000220         0   none ,l         * 
  D_BSC_CS3BCR
                                  80000224         0   none ,l         * 
  I_BSC_CS5ABCR
                                  80000228         0   none ,l         * 
  D_BSC_CS5ABCR
                                  8000022c         0   none ,l         * 
  I_BSC_CS5BBCR
                                  80000230         0   none ,l         * 
  D_BSC_CS5BBCR
                                  80000234         0   none ,l         * 
  I_BSC_CS2WCR
                                  80000238         0   none ,l         * 
  D_BSC_CS2WCR
                                  8000023c         0   none ,l         * 
  I_BSC_CS3WCR
                                  80000240         0   none ,l         * 
  D_BSC_CS3WCR
                                  80000244         0   none ,l         * 
  I_BSC_CS5AWCR
                                  80000248         0   none ,l         * 
  D_BSC_CS5AWCR
                                  8000024c         0   none ,l         * 
  I_BSC_CS5BWCR
                                  80000250         0   none ,l         * 
  D_BSC_CS5BWCR
                                  80000254         0   none ,l         * 
  I_BSC_SDCR
                                  80000258         0   none ,l         * 
  D_BSC_SDCR
                                  8000025c         0   none ,l         * 
  I_BSC_RTCNT
                                  80000260         0   none ,l         * 
  D_BSC_RTCNT
                                  80000264         0   none ,l         * 
  I_BSC_RTCOR
                                  80000268         0   none ,l         * 
  D_BSC_RTCOR1
                                  8000026c         0   none ,l         * 
  D_BSC_RTCOR2
                                  80000270         0   none ,l         * 
  I_BSC_RTCSR
                                  80000274         0   none ,l         * 
  D_BSC_RTCSR
                                  80000278         0   none ,l         * 
  I_CPG_FRQCR
                                  8000027c         0   none ,l         * 
  D_CPG_FRQCR
                                  80000280         0   none ,l         * 
  I_CPG_PLLCR
                                  80000284         0   none ,l         * 
  D_CPG_PLLCR
                                  80000288         0   none ,l         * 
  I_BSC_SDMR3
                                  8000028c         0   none ,l         * 
  I_CCR
                                  80000290         0   none ,l         * 
  D_CCR
                                  80000294         0   none ,l         * 
  __ocbi_
                                  80000298         0   none ,g         * 
  __ocbp_
                                  8000029e         0   none ,g         * 
  __ocbwb_
                                  800002a4         0   none ,g         * 
  _Sh4_Exception_Entry4
                                  80000400         0   none ,g         * 
  _Exception_Entry4_Addr
                                  80000460         0   none ,l         * 
  _Sh4_Exception_End4
                                  80000464         0   none ,g         * 
  _Sh4_IRQ_Entry
                                  80000600         0   none ,g         * 
  _Intevt2_Entry_Addr
                                  80000640         0   none ,l         * 
  _Sh4_IRQ_End
                                  80000644         0   none ,g         * 

SECTION=Pinit
FILE=SH7730_Main
                                  80000800  8000095b       15c
  __Cache_Purge
                                  80000800        3e   func ,l         *   ch
  __INITSCT
                                  8000083e        a4   func ,l         * 
  __INIT
                                  800008e2        10   func ,g         * 
  __exit
                                  800008f2        14   func ,g         * 
  __main
                                  80000906        56   func ,g         *   ch

SECTION=Cinit
FILE=SH7730_Main
                                  8000095c  80000987        2c
  __P_ROM
                                  8000095c         4   data ,l         * 
  __P_BGN
                                  80000960         4   data ,l         * 
  __P_END
                                  80000964         4   data ,l         * 
  __C_ROM
                                  80000968         4   data ,l         * 
  __C_BGN
                                  8000096c         4   data ,l         * 
  __C_END
                                  80000970         4   data ,l         * 
  __B_BGN
                                  80000974         4   data ,l         * 
  __B_END
                                  80000978         4   data ,l         * 
  __D_ROM
                                  8000097c         4   data ,l         * 
  __D_BGN
                                  80000980         4   data ,l         * 
  __D_END
                                  80000984         4   data ,l         * 

SECTION=P
FILE=DebugL/main.o
                                  80000988  80000c6b       2e4
FILE=DebugL/battleShip.o
                                  80000c6c  80000f67       2fc
FILE=DebugL/field.o
                                  80000f68  800013f3       48c
FILE=DebugL/player.o
                                  800013f4  80001613       220
FILE=DebugL/game.o
                                  80001614  80001f7f       96c
FILE=DebugL/agtouch.o
                                  80001f80  80002317       398
FILE=DebugL/touch.o
                                  80002318  80002393        7c
FILE=amlib
                                  80002394  80002747       3b4
FILE=agdraw
                                  80002748  80002a97       350
FILE=agtransfer
                                  80002a98  80002c5f       1c8
FILE=dprintf
                                  80002c60  800035cf       970
FILE=agetool
                                  800035d0  800037b7       1e8
FILE=SH7730_agp
                                  800037b8  80003c4f       498
FILE=SH7730_Sci2
                                  80003c50  80003c8f        40
FILE=agPDevSync
                                  80003c90  80003f4f       2c0
FILE=__divls
                                  80003f50  80004043        f4
FILE=__modls
                                  80004044  80004137        f4
FILE=strlen
                                  80004138  8000415d        26
FILE=SH7730_Int
                                  80004160  800049f3       894
FILE=SH7730_Sci
                                  800049f4  80004a67        74
FILE=SH7730_Scif4
                                  80004a68  80004d6f       308
FILE=initialize
                                  80004d70  80005647       8d8
FILE=SH7730_GamePad
                                  80005648  8000565f        18
FILE=SH7730_Sci1
                                  80005660  8000569b        3c
FILE=cosf
                                  8000569c  800056d3        38
FILE=sinf
                                  800056d4  8000571b        48
FILE=SH7730_Scif0
                                  8000571c  80005a8f       374
FILE=SH7730_Scif1
                                  80005a90  80005db3       324
FILE=sincosfsub_fpu
                                  80005db4  80005f7f       1cc
FILE=fmodf
                                  80005f80  8000608b       10c
FILE=nanf
                                  8000608c  8000609f        14
FILE=_i_fmds
                                  800060a0  8000624b       1ac

SECTION=C
FILE=DebugL/main.o
                                  8000624c  80006276        2b
FILE=DebugL/export.o
                                  80006278  8000643f       1c8
FILE=DebugL/battleShip.o
                                  80006440  80006447         8
FILE=DebugL/game.o
                                  80006448  8000644b         4
FILE=DebugL/agtouch.o
                                  8000644c  8000646e        23
FILE=dprintf
                                  80006470  800064e6        77
FILE=agetool
                                  800064e8  8000696a       483
FILE=agPDevSync
                                  8000696c  800069b7        4c
FILE=agpicture
                                  800069b8  800069d3        1c
FILE=SH7730_Int
                                  800069d4  80006c14       241
FILE=SH7730_Scif4
                                  80006c18  80006c70        59
FILE=SH7730_Scif0
                                  80006c74  80006ccc        59
FILE=SH7730_Scif1
                                  80006cd0  80006d28        59
FILE=floatval
                                  80006d2c  80006d53        28
FILE=consts
                                  80006d54  80006db7        64

SECTION=D
FILE=DebugL/main.o
                                  80006db8  80006dbb         4
FILE=DebugL/agtouch.o
                                  80006dbc  80006df3        38
FILE=dprintf
                                  80006df4  80006df7         4
FILE=agPDevSync
                                  80006df8  80006e03         c
FILE=SH7730_Sci
                                  80006e04  80006e07         4
FILE=SH7730_Scif4
                                  80006e08  80006e0b         4
FILE=SH7730_Scif0
                                  80006e0c  80006e0f         4
FILE=SH7730_Scif1
                                  80006e10  80006e13         4
FILE=sincosfsub_fpu
                                  80006e14  80006e4f        3c

SECTION=Q
FILE=DebugL/main.o
                                  8c000000  8c0002e3       2e4
  _drawNumberGraph
                                  8c000000       154   func ,g         * 
  _main
                                  8c000154       190   func ,g         *   ch
FILE=DebugL/battleShip.o
                                  8c0002e4  8c0005df       2fc
  _drawBattleShip
                                  8c0002e4       228   func ,g         * 
  _isThereBattleShip
                                  8c00050c        d4   func ,g         * 
FILE=DebugL/field.o
                                  8c0005e0  8c000a6b       48c
  _initField
                                  8c0005e0        48   func ,g         * 
  _drawField
                                  8c000628        b6   func ,g         * 
  _drawFieldColor
                                  8c0006de       38e   func ,g         * 
FILE=DebugL/player.o
                                  8c000a6c  8c000c8b       220
  _initPlayer
                                  8c000a6c       1ae   func ,g         * 
  _getBattleShip
                                  8c000c1a        72   func ,g         *   ch
FILE=DebugL/game.o
                                  8c000c8c  8c0015f7       96c
  _runSet
                                  8c000c8c        ee   func ,g         * 
  _drawSet
                                  8c000d7a        f8   func ,g         *   ch
  _runBattle
                                  8c000e72       4ca   func ,g         *   ch
  _drawBattle
                                  8c00133c       1a4   func ,g         *   ch
  _getTouchObject
                                  8c0014e0        8c   func ,g         *   ch
  _getReleaseObject
                                  8c00156c        8c   func ,g         *   ch
FILE=DebugL/agtouch.o
                                  8c0015f8  8c00198f       398
  _agTouchInit
                                  8c0015f8        4e   func ,g         *   ch
  __agTouchData
                                  8c001646       240   func ,l         * 
  _agTouchGetData
                                  8c001886       10a   func ,g         *   ch
FILE=DebugL/touch.o
                                  8c001990  8c001a0b        7c
  _initTouch
                                  8c001990         c   func ,g         * 
  _getTouch
                                  8c00199c        70   func ,g         *   ch
FILE=amlib
                                  8c001a0c  8c001dbf       3b4
  _aglInitialize
                                  8c001a0c        7e   func ,g         * 
  _aglGetReg
                                  8c001a8a         e   func ,g         * 
  _aglSetReg
                                  8c001a98         c   func ,g         * 
  _aglSetFBIndex
                                  8c001aa4        44   func ,g         * 
  _aglGetDspAIndex
                                  8c001ae8        34   func ,g         * 
  _aglGetDspBIndex
                                  8c001b1c        34   func ,g         * 
  _aglGetDrawFrameA
                                  8c001b50        1e   func ,g         * 
  _aglGetDrawFrameB
                                  8c001b6e        24   func ,g         *   ch
  _aglGetDrawFrame
                                  8c001b92        56   func ,g         * 
  _aglSwap
                                  8c001be8        20   func ,g         * 
  _aglSwapA
                                  8c001c08        34   func ,g         * 
  _aglSwapB
                                  8c001c3c        34   func ,g         * 
  _aglWaitVSync
                                  8c001c70        24   func ,g         * 
  _aglWaitVSyncA
                                  8c001c94        28   func ,g         * 
  _aglWaitVSyncB
                                  8c001cbc        3c   func ,g         *   ch
  _aglIntHandler
                                  8c001cf8        b8   func ,g         *   ch
  _aglSetMainDisplay
                                  8c001db0        10   func ,g         *   ch
FILE=agdraw
                                  8c001dc0  8c00210f       350
  _agDrawBufferInit
                                  8c001dc0        1c   func ,g         * 
  _agDrawEODL
                                  8c001ddc        44   func ,g         *   ch
  _agDrawSETDAVR
                                  8c001e20        50   func ,g         * 
  _agDrawSETDAVF
                                  8c001e70        48   func ,g         * 
  _agDrawSETFCOLOR
                                  8c001eb8        22   func ,g         * 
  _agDrawSETTXATR
                                  8c001eda        e6   func ,g         * 
  _agDrawSETDBMODE
                                  8c001fc0        4a   func ,g         * 
  _agDrawSPRITE
                                  8c00200a        68   func ,g         * 
  _agDrawTXLOAD2AAC
                                  8c002072        9e   func ,g         * 
FILE=agtransfer
                                  8c002110  8c0022d7       1c8
  _agTransferDrawDMAAsync
                                  8c002110        e4   func ,g         *   ch
  _agTransferDrawWait
                                  8c0021f4        b8   func ,g         *   ch
  _agTransferDrawDMA
                                  8c0022ac        2c   func ,g         *   ch
FILE=dprintf
                                  8c0022d8  8c002c47       970
  __prf_check
                                  8c0022d8        a0   func ,l         * 
  __prline
                                  8c002378        30   func ,l         * 
  __prdata
                                  8c0023a8       200   func ,l         * 
  __dprintfunc_init
                                  8c0025a8         a   func ,g         * 
  __put_db
                                  8c0025b2        1e   func ,l         * 
  __dprintf
                                  8c0025d0       678   func ,g         *   ch
FILE=agetool
                                  8c002c48  8c002e2f       1e8
  _ageTransferAAC
                                  8c002c48       1e8   func ,g         *   ch
FILE=SH7730_agp
                                  8c002e30  8c0032c7       498
  _agpPreInitialize
                                  8c002e30        c8   func ,g         *   ch
  _agpPostInitialize
                                  8c002ef8        dc   func ,g         *   ch
  __Cache_Purge
                                  8c002fd4        36   func ,l         * 
  _agpDMAWriteStart
                                  8c00300a       23a   func ,g         *   ch
  _agpDMAIsFinish
                                  8c003244        26   func ,g         * 
  _agpDMAStop
                                  8c00326a         e   func ,g         * 
  _agpDisableCpuInterrupts
                                  8c003278        10   func ,g         * 
  _agpEnableCpuInterrupts
                                  8c003288        40   func ,g         * 
FILE=SH7730_Sci2
                                  8c0032c8  8c003307        40
  _IoSci2_Init
                                  8c0032c8        18   func ,g         *   ch
  _IoSci2_SetRTS
                                  8c0032e0         e   func ,g         * 
  _IoSci2_RecvData
                                  8c0032ee        1a   func ,g         *   ch
FILE=agPDevSync
                                  8c003308  8c0035c7       2c0
  _Send
                                  8c003308        2a   func ,l         * 
  __agPDevSyncSend
                                  8c003332        5e   func ,l         *   ch
  _agPDevSyncInit
                                  8c003390       228   func ,g         *   ch
  _agPDevSyncGetMyID
                                  8c0035b8        10   func ,g         *   ch
FILE=__divls
                                  8c0035c8  8c0036bb        f4
  
                                  8c0035c8         0   none ,l         * 
  
                                  8c0035d0         0   none ,l         * 
  
                                  8c0035da         0   none ,l         * 
  __divls
                                  8c0035e0         0   none ,g         * 
  __divlu
                                  8c0035e8         0   none ,g         * 
  
                                  8c003610         0   none ,l         * 
  
                                  8c003668         0   none ,l         * 
  
                                  8c00366e         0   none ,l         * 
FILE=__modls
                                  8c0036bc  8c0037af        f4
  __modls
                                  8c0036bc         0   none ,g         * 
  
                                  8c0036c2         0   none ,l         * 
  __modlu
                                  8c0036d4         0   none ,g         * 
  
                                  8c0036fa         0   none ,l         * 
  
                                  8c003700         0   none ,l         * 
  
                                  8c003752         0   none ,l         * 
  
                                  8c00375a         0   none ,l         * 
  
                                  8c003760         0   none ,l         * 
  
                                  8c0037aa         0   none ,l         * 
FILE=strlen
                                  8c0037b0  8c0037d5        26
  _strlen
                                  8c0037b0        26   func ,g         * 
FILE=SH7730_Int
                                  8c0037d8  8c00406b       894
  _Intevt_Init
                                  8c0037d8        2e   func ,l         * 
  _Intevt2_SetFunc
                                  8c003806        16   func ,g         * 
  _Intevt2_Entry
                                  8c00381c        78   func ,g         * 
  _INTC_Init
                                  8c003894       13a   func ,g         * 
  _INTC_ClearIPR
                                  8c0039ce        44   func ,g         * 
  _INTC_GetIPR
                                  8c003a12       122   func ,g         * 
  _INTC_SetIPR
                                  8c003b34        da   func ,g         * 
  __Exception_Entry
                                  8c003c0e       3fc   func ,l         *   ch
  _Exception_Entry1
                                  8c00400a        12   func ,g         * 
  _Exception_Entry4
                                  8c00401c        50   func ,g         * 
FILE=SH7730_Sci
                                  8c00406c  8c0040df        74
  _IoSci_Init
                                  8c00406c        1c   func ,g         *   ch
  _IoSci_PutEnable
                                  8c004088         a   func ,g         * 
  __putch
                                  8c004092        18   func ,g         *   ch
  __putch_wait
                                  8c0040aa        14   func ,g         *   ch
  __puts
                                  8c0040be        22   func ,g         *   ch
FILE=SH7730_Scif4
                                  8c0040e0  8c0043e7       308
  _IoScifx_SET_BRR
                                  8c0040e0        fc   func ,l         *   ch
  _IoScif4_Init
                                  8c0041dc       14e   func ,g         * 
  _IoScif4_SetRTS
                                  8c00432a        4a   func ,g         *   ch
  _IoScif4_RecvData
                                  8c004374        74   func ,g         *   ch
FILE=initialize
                                  8c0043e8  8c004cbf       8d8
  _agpVDPInitialize
                                  8c0043e8       8d8   func ,g         *   ch
FILE=SH7730_GamePad
                                  8c004cc0  8c004cd7        18
  _agpGamePadGetDipSw
                                  8c004cc0        18   func ,g         *   ch
FILE=SH7730_Sci1
                                  8c004cd8  8c004d13        3c
  _IoSci1_Init
                                  8c004cd8        18   func ,g         *   ch
  _IoSci1_RecvData
                                  8c004cf0        10   func ,g         *   ch
  _IoSci1_SendData
                                  8c004d00        14   func ,g         *   ch
FILE=cosf
                                  8c004d14  8c004d4b        38
  _cosf
                                  8c004d14        38   func ,g         * 
FILE=sinf
                                  8c004d4c  8c004d93        48
  _sinf
                                  8c004d4c        48   func ,g         * 
FILE=SH7730_Scif0
                                  8c004d94  8c005107       374
  _IoScifx_SET_BRR
                                  8c004d94       100   func ,l         * 
  _IoScif0_Init
                                  8c004e94       14c   func ,g         *   ch
  _IoScif0_SendReady
                                  8c004fe0        68   func ,g         *   ch
  _IoScif0_SendData
                                  8c005048        2e   func ,g         * 
  __ioscif0_putch
                                  8c005076        32   func ,g         * 
  __ioscif0_putch_wait
                                  8c0050a8        24   func ,g         * 
  __ioscif0_puts
                                  8c0050cc        3c   func ,g         *   ch
FILE=SH7730_Scif1
                                  8c005108  8c00542b       324
  _IoScifx_SET_BRR
                                  8c005108       100   func ,l         * 
  _IoScif1_Init
                                  8c005208       14c   func ,g         *   ch
  _IoScif1_RecvData
                                  8c005354        a6   func ,g         * 
  _IoScif1_SendData
                                  8c0053fa        32   func ,g         *   ch
FILE=sincosfsub_fpu
                                  8c00542c  8c0055f7       1cc
  ___poly_sinf
                                  8c00542c        4c   func ,g         * 
  ___poly_cosf
                                  8c005478        42   func ,g         * 
  _poly_cosfn
                                  8c0054ba         e   func ,l         * 
  _poly_sinfn
                                  8c0054c8         e   func ,l         * 
  _sincosf_special
                                  8c0054d6        52   func ,l         * 
  ___internal_sincosf
                                  8c005528        d0   func ,g         * 
FILE=fmodf
                                  8c0055f8  8c005703       10c
  __istypes
                                  8c0055f8        4a   func ,l         * 
  __in_truncs
                                  8c005642        38   func ,l         * 
  __polinos
                                  8c00567a        22   func ,l         * 
  _fmodf
                                  8c00569c        68   func ,g         * 
FILE=nanf
                                  8c005704  8c005717        14
  ___nanf_value
                                  8c005704        14   func ,g         * 
FILE=_i_fmds
                                  8c005718  8c0058c3       1ac
  __istypes
                                  8c005718        4a   func ,l         * 
  __in_truncs
                                  8c005762        38   func ,l         * 
  __polinos
                                  8c00579a        22   func ,l         * 
  __in_fmods
                                  8c0057bc       108   func ,g         * 

SECTION=R
FILE=DebugL/main.o
                                  8c0058c4  8c0058c7         4
  __SystemVSyncCount
                                  8c0058c4         4   data ,l         * 
FILE=DebugL/agtouch.o
                                  8c0058c8  8c0058ff        38
  _L_SCALE_X
                                  8c0058c8         4   data ,l         * 
  _L_SCALE_Y
                                  8c0058cc         4   data ,l         * 
  _agTouchInit_Flag
                                  8c0058d0         4   data ,l         * 
  _touch_data_exist
                                  8c0058d4         4   data ,l         * 
  _sync_loop$11
                                  8c0058d8         4   data ,l         * 
  _sync_chck$12
                                  8c0058dc         4   data ,l         * 
  __sync_loop$13
                                  8c0058e0         4   data ,l         * 
  _data_nums$14
                                  8c0058e4         4   data ,l         * 
  _init_flag$15
                                  8c0058e8         4   data ,l         * 
  _data_rpos$17
                                  8c0058ec         4   data ,l         * 
  _px$18
                                  8c0058f0         4   data ,l         * 
  _py$19
                                  8c0058f4         4   data ,l         * 
  _pd$20
                                  8c0058f8         4   data ,l         * 
  _init_skip$34
                                  8c0058fc         4   data ,l         * 
FILE=dprintf
                                  8c005900  8c005903         4
  __putch_func
                                  8c005900         4   data ,l         * 
FILE=agPDevSync
                                  8c005904  8c00590f         c
  _SyncMode
                                  8c005904         4   data ,l         * 
  _SyncID
                                  8c005908         4   data ,l         * 
  _SyncStat
                                  8c00590c         4   data ,l         * 
FILE=SH7730_Sci
                                  8c005910  8c005913         4
  _sci_skip
                                  8c005910         4   data ,l         * 
FILE=SH7730_Scif4
                                  8c005914  8c005917         4
  _IoScifx_Init_Flag
                                  8c005914         4   data ,l         * 
FILE=SH7730_Scif0
                                  8c005918  8c00591b         4
  _IoScifx_Init_Flag
                                  8c005918         4   data ,l         * 
FILE=SH7730_Scif1
                                  8c00591c  8c00591f         4
  _IoScifx_Init_Flag
                                  8c00591c         4   data ,l         * 
FILE=sincosfsub_fpu
                                  8c005920  8c00595b        3c
  _sinf_coeff
                                  8c005920        10   data ,l         * 
  _cosf_coeff
                                  8c005930        10   data ,l         * 
  _pi4ptr_table
                                  8c005940         c   data ,l         * 
  _sub_table
                                  8c00594c        10   data ,l         * 

SECTION=S
FILE=DebugL/main.o
                                  8c00595c  8c005986        2b
FILE=DebugL/export.o
                                  8c005988  8c005b4f       1c8
  _ageRM
                                  8c005988       1c8   data ,g         * 
FILE=DebugL/battleShip.o
                                  8c005b50  8c005b57         8
FILE=DebugL/game.o
                                  8c005b58  8c005b5b         4
FILE=DebugL/agtouch.o
                                  8c005b5c  8c005b7e        23
FILE=dprintf
                                  8c005b80  8c005bf6        77
  _la_str$14
                                  8c005b80        13   data ,l         * 
  _ua_str$15
                                  8c005b93        13   data ,l         * 
  _lk_str$16
                                  8c005ba6        25   data ,l         * 
  _uk_str$17
                                  8c005bcb        25   data ,l         * 
FILE=agetool
                                  8c005bf8  8c00607a       483
  _CMMap
                                  8c005bf8        24   data ,l         * 
  _CompressMap
                                  8c005c1c        24   data ,l         * 
FILE=agPDevSync
                                  8c00607c  8c0060c7        4c
FILE=agpicture
                                  8c0060c8  8c0060e3        1c
FILE=SH7730_Int
                                  8c0060e4  8c006324       241
FILE=SH7730_Scif4
                                  8c006328  8c006380        59
FILE=SH7730_Scif0
                                  8c006384  8c0063dc        59
FILE=SH7730_Scif1
                                  8c0063e0  8c006438        59
FILE=floatval
                                  8c00643c  8c006463        28
  __FLT_MAX_VAL
                                  8c00643c         0   none ,g         * 
  __FLT_MIN_VAL
                                  8c006440         0   none ,g         * 
  __DBL_MAX_VAL
                                  8c006444         0   none ,g         * 
  __DBL_MIN_VAL
                                  8c00644c         0   none ,g         * 
  __LDBL_MAX_VAL
                                  8c006454         0   none ,g         * 
  __LDBL_MIN_VAL
                                  8c00645c         0   none ,g         * 
FILE=consts
                                  8c006464  8c0064c7        64
  __IFNANS
                                  8c006464         4   data ,g         * 
  __IFZEROS
                                  8c006468         4   data ,g         * 
  __IFINFS
                                  8c00646c         4   data ,g         * 
  __IFONES
                                  8c006470         4   data ,g         * 
  __HALFS
                                  8c006474         4   data ,g         * 
  __QUOTS
                                  8c006478         4   data ,g         * 
  __TWOS
                                  8c00647c         4   data ,g         * 
  __FOURS
                                  8c006480         4   data ,g         * 
  __PAIS
                                  8c006484         4   data ,g         * 
  __2PAIS
                                  8c006488         4   data ,g         * 
  __HLFPAIS
                                  8c00648c         4   data ,g         * 
  __QUOPAIS
                                  8c006490         4   data ,g         * 
  __LOGE2S
                                  8c006494         4   data ,g         * 
  __NIFZEROS
                                  8c006498         4   data ,g         * 
  __NIFINFS
                                  8c00649c         4   data ,g         * 
  __NIFONES
                                  8c0064a0         4   data ,g         * 
  __NHALFS
                                  8c0064a4         4   data ,g         * 
  __NQUOTS
                                  8c0064a8         4   data ,g         * 
  __NTWOS
                                  8c0064ac         4   data ,g         * 
  __NFOURS
                                  8c0064b0         4   data ,g         * 
  __NPAIS
                                  8c0064b4         4   data ,g         * 
  __N2PAIS
                                  8c0064b8         4   data ,g         * 
  __NHLFPAIS
                                  8c0064bc         4   data ,g         * 
  __NQUOPAIS
                                  8c0064c0         4   data ,g         * 
  __NLOGE2S
                                  8c0064c4         4   data ,g         * 

SECTION=B
FILE=DebugL/game.o
                                  8c0064c8  8c02e4db     28014
  _DrawBuffer
                                  8c0064c8     28000   data ,g         * 
  _hold
                                  8c02e4c8        14   data ,g         * 
FILE=DebugL/agtouch.o
                                  8c02e4dc  8c02e4e0         5
  _data_buff$16
                                  8c02e4dc         5   data ,l         * 
FILE=amlib
                                  8c02e4e4  8c02e70b       228
  _int_flags
                                  8c02e4e4        1c   data ,l         * 
  _VCntA
                                  8c02e500         4   data ,l         * 
  _VCntB
                                  8c02e504         4   data ,l         * 
  _g_DispFrameA
                                  8c02e508         1   data ,l         * 
  _g_DispFrameB
                                  8c02e509         1   data ,l         * 
  _g_MainDisplay
                                  8c02e50a         1   data ,l         * 
  _g_CallbackChain
                                  8c02e50c       200   data ,l         * 
FILE=agPDevSync
                                  8c02e70c  8c02e757        4c
  _pdev_data
                                  8c02e70c        18   data ,l         * 
  _pdev_back
                                  8c02e724        18   data ,l         * 
  _SendBuff
                                  8c02e73c         7   data ,l         * 
  _RecvBuff
                                  8c02e743         7   data ,l         * 
  _SyncBuff
                                  8c02e74a         e   data ,l         * 
FILE=SH7730_Int
                                  8c02e758  8c02eb57       400
  _intevt_table
                                  8c02e758       200   data ,l         * 
  _intevt_error
                                  8c02e958       200   data ,l         * 
FILE=_errno
                                  8c02eb58  8c02eb5b         4
  __errno
                                  8c02eb58         4   data ,g         * 

SECTION=STACK
FILE=SH7730_vect
                                  8dff0000  8dff0001         2

Absolute value symbols
FILE=SH7730_vect
  ICLK
                                  0bebc200         0   none ,l         * 
  __STACK
                                  8e000000         0   none ,g         * 

*** Delete Symbols ***

SYMBOL                                SIZE    INFO

_ageRM3
                                        18    data ,g
_ageReserve
                                         4    data ,g
_ageUser
                                         4    data ,g
_ageVG
                                         8    data ,g
_ageVGCnt
                                         2    data ,g
_ageMot
                                        18    data ,g
_ageSRM
                                         8    data ,g
_ageSS
                                        10    data ,g
_ageMotCommon
                                         4    data ,g
_initBattleShip
                                         4    func ,g
_initGame
                                         4    func ,g
_placeable
                                        44    func ,g
_aglSearchNewCallbackSpace
                                        4e    func ,l
_aglSetFBEnable
                                        1e    func ,w
_aglGetFBIndex
                                        60    func ,w
_aglGetFBGAddr
                                        26    func ,w
_aglGetFBHSize
                                        20    func ,w
_aglGetFBEnable
                                        1a    func ,w
_aglGetDspIndex
                                        2a    func ,w
_aglGetDispFrameA
                                        1a    func ,w
_aglGetDispFrameB
                                        1a    func ,w
_aglGetDispFrame
                                        2a    func ,w
_aglSwapDispOff
                                        20    func ,w
_aglSwapADispOff
                                        2e    func ,w
_aglSwapBDispOff
                                        2e    func ,w
_aglDispOn
                                        26    func ,w
_aglDispOnA
                                        48    func ,w
_aglDispOnB
                                        48    func ,w
_aglWaitVSyncN
                                        26    func ,w
_aglWaitVSyncNA
                                        2e    func ,w
_aglWaitVSyncNB
                                        4a    func ,w
_aglWaitVLine
                                        20    func ,w
_aglWaitVLineA
                                        20    func ,w
_aglWaitVLineB
                                        20    func ,w
_aglWaitDrawInt
                                        20    func ,w
_aglWaitDraw
                                        20    func ,w
_aglWaitTransferA
                                        1c    func ,w
_aglWaitTransferB
                                        20    func ,w
_aglWaitCheckSum
                                        20    func ,w
_aglWaitSMC1
                                        20    func ,w
_aglWaitSMC2
                                        20    func ,w
_aglGetActiveInterrupts
                                        12    func ,w
_aglSetActiveInterrupts
                                        10    func ,w
_aglGetInterruptCallback
                                        1c    func ,w
_aglAddInterruptCallback
                                        94    func ,w
_aglInsertInterruptCallback
                                        a6    func ,w
_aglRemoveInterruptCallback
                                        b4    func ,w
_aglGetVSyncFlag
                                        26    func ,w
_aglGetVSyncFlagA
                                        10    func ,w
_aglGetVSyncFlagB
                                        10    func ,w
_aglSetVSyncFlag
                                        20    func ,w
_aglSetVSyncFlagA
                                         a    func ,w
_aglSetVSyncFlagB
                                         a    func ,w
_aglGetVLineFlag
                                        26    func ,w
_aglGetVLineFlagA
                                        10    func ,w
_aglGetVLineFlagB
                                        10    func ,w
_aglSetVLineFlag
                                        2c    func ,w
_aglSetVLineFlagA
                                         a    func ,w
_aglSetVLineFlagB
                                         a    func ,w
_aglGetDrawIntFlag
                                        10    func ,w
_aglSetDrawIntFlag
                                         a    func ,w
_aglGetDrawErrorFlag
                                        10    func ,w
_aglSetDrawErrorFlag
                                         a    func ,w
_aglGetDrawFlag
                                        10    func ,w
_aglSetDrawFlag
                                         a    func ,w
_aglGetTransferAFlag
                                         e    func ,w
_aglSetTransferAFlag
                                         8    func ,w
_aglGetTransferBFlag
                                        10    func ,w
_aglSetTransferBFlag
                                         a    func ,w
_aglGetCheckSumFlag
                                        10    func ,w
_aglSetCheckSumFlag
                                         a    func ,w
_aglGetRM3ErrorFlag
                                        10    func ,w
_aglSetRM3ErrorFlag
                                         a    func ,w
_aglGetSoundSeqErrFlag
                                        10    func ,w
_aglSetSoundSeqErrFlag
                                         a    func ,w
_aglGetSoundDecErrFlag
                                        10    func ,w
_aglSetSoundDecErrFlag
                                         a    func ,w
_aglGetSoundBusErrFlag
                                        10    func ,w
_aglSetSoundBusErrFlag
                                         a    func ,w
_aglGetSoundDataErrFlag
                                        10    func ,w
_aglSetSoundDataErrFlag
                                         a    func ,w
_aglGetSoundPeakErrFlag
                                        10    func ,w
_aglSetSoundPeakErrFlag
                                         a    func ,w
_aglGetSoundFIFOEmptyFlag
                                        10    func ,w
_aglSetSoundFIFOEmptyFlag
                                         a    func ,w
_aglGetSoundCmdListFlag
                                        10    func ,w
_aglSetSoundCmdListFlag
                                         a    func ,w
_aglGetSMC1Flag
                                        10    func ,w
_aglSetSMC1Flag
                                         a    func ,w
_aglGetSMC2Flag
                                        10    func ,w
_aglSetSMC2Flag
                                         a    func ,w
_aglGetSMCMotorFlag
                                        10    func ,w
_aglSetSMCMotorFlag
                                         a    func ,w
_aglGetSMCInputFlag
                                        10    func ,w
_aglSetSMCInputFlag
                                         a    func ,w
_aglGetVsyncCount
                                        26    func ,w
_aglGetVsyncCountA
                                         c    func ,w
_aglGetVsyncCountB
                                         c    func ,w
_aglGetMainDisplay
                                        1c    func ,w
_agDrawNOP
                                        1a    func ,w
_agDrawBFLUSH
                                        2c    func ,w
_agDrawIDXEFCLR
                                        24    func ,w
_agDrawIDXEFWAIT
                                        24    func ,w
_agDrawJUMPSUB
                                        36    func ,w
_agDrawDL2VRAM
                                        36    func ,w
_agDrawINT
                                        2a    func ,w
_agDrawEXERM3DEC
                                        46    func ,w
_agDrawEXERM3DEC_START
                                        3a    func ,w
_agDrawSETPXMASK
                                        24    func ,w
_agDrawSETATEST
                                        3e    func ,w
_agDrawSETDTEST
                                        2e    func ,w
_agDrawSETSPRITEZ
                                        20    func ,w
_agDrawSETFOG
                                        4a    func ,w
_agDrawSETINDEX
                                        3c    func ,w
_agDrawSETPRMBLNDA
                                        50    func ,w
_agDrawSETPBCNSTA
                                        4a    func ,w
_agDrawSETPRMBLNDC
                                        50    func ,w
_agDrawSETPBCNSTC
                                        4a    func ,w
_agDrawSETALPHABLNDA
                                        86    func ,w
_agDrawSETALPHABLNDC
                                        86    func ,w
_agDrawSETFPRMPAR
                                        90    func ,w
_agDrawRECTANGLE
                                        4a    func ,w
_agDrawSPRITE_UV
                                        9e    func ,w
_agDrawTRIANGLE
                                        64    func ,w
_agDrawTRIANGLE_T
                                        68    func ,w
_agDrawTRIANGLE_TP
                                        6c    func ,w
_agDrawTRIANGLE_TC
                                        6c    func ,w
_agDrawTRIANGLE_TPC
                                        68    func ,w
_agDrawTRIANGLE_PC
                                        76    func ,w
_agDrawTRIANGLE_P
                                        68    func ,w
_agDrawTRIANGLE_C
                                        68    func ,w
_agDrawSETAACINDEX
                                        2a    func ,w
_agDrawSETOFSCGBTX
                                        22    func ,w
_agDrawSetDList
                                        2c    func ,w
_agDrawUSER
                                        1a    func ,w
_agDrawUSER1
                                        1e    func ,w
_agDrawUSER2
                                        22    func ,w
_agTransferDrawFIFO
                                       22e    func ,w
_agTransferCgromToVram
                                        b6    func ,w
_agTransferCgromToVram2D
                                        f6    func ,w
_GetBlankArea
                                        68    func ,l
_GetBlankRM3Area
                                        3c    func ,l
_ageTexMgrSetIndex
                                        9e    func ,l
_ageTexMgrAllocRM3Container
                                       4c6    func ,l
_ageTexMgrTransferImage2DRM3
                                       3b6    func ,l
_ageTexMgrTransferImage2D
                                       220    func ,l
_ageTexMgrAllocRM3FixedAdder
                                       346    func ,l
_PalSizeMap
                                        24    data ,l
_pTMgr
                                         4    data ,l
_ageTransferAAC_Biliner
                                       206    func ,w
_ageTransferAAC_AP
                                       38a    func ,w
_ageTransferAAC_RM3
                                       256    func ,w
_ageTransferAAC_RM3_AP
                                       3ee    func ,w
_ageTexMgrInit
                                       14e    func ,w
_ageTexMgrAlloc
                                       188    func ,w
_ageTexMgrRemove
                                        b6    func ,w
_ageTexMgrRemoveType
                                        24    func ,w
_ageTexMgrRemoveTemporarySizeOnly
                                        78    func ,w
_ageTexMgrRemoveAllTemporaryIndex
                                        62    func ,w
_ageTexMgrRemoveTemporaryIndex
                                        82    func ,w
_ageTexMgrFindType
                                        6c    func ,w
_ageTexMgrSetStaticArea
                                       12a    func ,w
_ageTexMgrSetFixedArea
                                       100    func ,w
_ageTexMgrSetAttr
                                       3d8    func ,w
_ageTexMgrRM3Alloc
                                       3be    func ,w
_ageTexMgrInitRM3
                                        70    func ,w
_ageTexMgrRemoveRM3
                                       192    func ,w
_ageTexMgrRM3Decode
                                       282    func ,w
_ageTexMgrRM3DecodeRate
                                        a4    func ,w
_ageTexMgrRM3DecodeWait
                                       10a    func ,w
_ageTexMgrSetRM3Attr
                                       186    func ,w
_ageTexMgrGetRM3RomIndex
                                        52    func ,w
_ageTransferToVRAM
                                        c0    func ,w
_ageTransferToVRAM2D
                                        fc    func ,w
_ageTexMgrTransferVramGroup
                                       1fc    func ,w
_ageTexMgrInitRM3Member
                                       194    func ,w
_ageTexMgrDecodeRM3Member
                                        9a    func ,w
_ageTexMgrGetRM3MemberHandle
                                        84    func ,w
_ageTexMgrDecodeRateRM3Member
                                        9e    func ,w
_ageTexMgrSetRM3MemberAttr
                                        c4    func ,w
_ageTexMgrRemoveVramGroup
                                       122    func ,w
_ageTexMgrGetRM3Index
                                        3a    func ,w
_ageTexMgrGetRM3AlphaIndex
                                        88    func ,w
_ageTexMgrGetRM3NextIndex
                                        ae    func ,w
_ageTexMgrGetRM3NowFrame
                                        3e    func ,w
_agpDMAWait
                                        20    func ,w
_IoSci2_RecvReady
                                        12    func ,w
_IoSci2_SendReady
                                        12    func ,w
_IoSci2_SendData
                                        2e    func ,w
_SendBuff_SetBits
                                        96    func ,l
_RecvBuff_GetBits
                                        92    func ,l
_SendBuff_MakeData
                                        6e    func ,l
__agPDevSyncFunc
                                       118    func ,l
_SendBuff_BitPos
                                         4    data ,l
_RecvBuff_BitPos
                                         4    data ,l
_agPDevSyncIdle
                                        d8    func ,w
_agPDevSyncWait
                                        a0    func ,w
_agPDevSyncGetData
                                        90    func ,w
_agPDevSyncGetMode
                                         a    func ,w
_agPictureDrawContainer
                                       52a    func ,l
_agPictureRM3Container
                                       49a    func ,l
_agPictureRotTex_Base
                                       2d4    func ,l
_agPictureDivideContainer
                                       1ae    func ,w
_agPictureSetBlendMode
                                      1d8a    func ,w
_agPictureRect
                                       18a    func ,w
_agPictureTex
                                       25e    func ,w
_agPictureRM3
                                       21e    func ,w
_agPictureRM3I
                                       2b0    func ,w
_agPictureStretchTex
                                       1de    func ,w
_agPictureStretchRM3
                                       1c8    func ,w
_agPictureStretchRM3I
                                       1d8    func ,w
_agPictureRotRect
                                       2a0    func ,w
_agPictureRotTex
                                        8c    func ,w
_agPictureRotRM3
                                        76    func ,w
_agPictureRotRM3I
                                        7a    func ,w
_IoSci_PutDisable
                                         a    func ,w
__kbhit
                                        20    func ,w
__getch
                                        20    func ,w
_IoScif4_RecvReady
                                        54    func ,w
_IoScif4_SendReady
                                        6e    func ,w
_IoScif4_SendData
                                        2e    func ,w
__ioscif4_kbhit
                                        28    func ,w
__ioscif4_getch
                                        3c    func ,w
__ioscif4_putch
                                        32    func ,w
__ioscif4_putch_wait
                                        26    func ,w
__ioscif4_puts
                                        46    func ,w
_agpSoundInitialize
                                        58    func ,w
_agpGamePadGetData
                                        40    func ,w
_IoSci1_SetRTS
                                         e    func ,w
_IoSci1_RecvReady
                                        12    func ,w
_IoSci1_SendReady
                                        12    func ,w
_IoScif0_SetRTS
                                         6    func ,w
_IoScif0_RecvReady
                                        50    func ,w
_IoScif0_RecvData
                                        a6    func ,w
__ioscif0_kbhit
                                        28    func ,w
__ioscif0_getch
                                        3c    func ,w
_IoScif1_SetRTS
                                         6    func ,w
_IoScif1_RecvReady
                                        50    func ,w
_IoScif1_SendReady
                                        24    func ,w
__ioscif1_kbhit
                                        28    func ,w
__ioscif1_getch
                                        3c    func ,w
__ioscif1_putch
                                        32    func ,w
__ioscif1_putch_wait
                                        24    func ,w
__ioscif1_puts
                                        3e    func ,w

*** Variable Accessible with Abs8 ***

SYMBOL                                SIZE    COUNTS  OPTIMIZE

*** Variable Accessible with Abs16 ***

SYMBOL                                SIZE    COUNTS  OPTIMIZE

*** Function Call ***

SYMBOL                              COUNTS  OPTIMIZE
