Optimizing Linkage Editor (V.9.04.00.000)         22-Jan-2014 02:12:31

*** Options ***

-rom=P=Q,D=R,C=S
-start=VECT,Pinit,Cinit,P,C,D/80000000
-start=Q,R,S,B/8C000000
-start=STACK/8DFF0000
-define=__STACK=8E000000
-entry=80000000
-list
-show=symbol
-optimize=symbol_delete
-form=stype
-nologo
-library=../../../library/amlibL_d.lib
-library=../../../library/amexportL_d.lib
-library=../../../library/amsmcL_d.lib
-library=../../../library/amsoundL_d.lib
-library=../../../library/ammotorL_d.lib
-library=../../../library/SH4ALibL_d.lib
-library=../../../common/DebugL/common.lib
-library=../../../library/agPDevSyncL_d.lib
-library=../../../library/Ag3dL_d.lib
-library=../../../library/AgglL_d.lib
-output=DebugL/BattleShip.s32
DebugL/main.o
DebugL/export.o
DebugL/battleShip.o
DebugL/field.o
DebugL/player.o
DebugL/game.o
DebugL/agtouch.o
DebugL/touch.o
DebugL/effect.o

*** Error information ***

*** Mapping List ***

SECTION                            START      END         SIZE   ALIGN

VECT
                                  80000000  800007ff       800   4
Pinit
                                  80000800  8000095b       15c   4
Cinit
                                  8000095c  80000987        2c   4
P
                                  80000988  800087d3      7e4c   4
C
                                  800087d4  80009697       ec4   4
D
                                  80009698  8000973b        a4   4
Q
                                  8c000000  8c007e4b      7e4c   4
R
                                  8c007e4c  8c007eef        a4   4
S
                                  8c007ef0  8c008db3       ec4   4
B
                                  8c008db4  8c031463     286b0   4
STACK
                                  8dff0000  8dff0001         2   4

*** Symbol List ***

SECTION=
FILE=                               START        END    SIZE
  SYMBOL                            ADDR        SIZE    INFO      COUNTS  OPT

SECTION=VECT
FILE=SH7730_vect
                                  80000000  800007ff       800
  __VECTOR_BASE_
                                  80000000         0   none ,g         * 
  _Sh4_Reset_Entry
                                  80000000         0   none ,g         * 
  loop_1
                                  80000050         0   none ,l         * 
  wait_loop_8
                                  80000074         0   none ,l         * 
  _init
                                  800000b8         0   none ,l         * 
  _stack
                                  800000bc         0   none ,l         * 
  _blclr
                                  800000c0         0   none ,l         * 
  _us200
                                  800000c4         0   none ,l         * 
  _wait_refr
                                  800000c8         0   none ,l         * 
  _Sh4_Reset_End
                                  800000cc         0   none ,l         * 
  _Sh4_Exception_Entry1
                                  80000100         0   none ,g         * 
  _Exception_Entry1_Addr
                                  80000160         0   none ,l         * 
  _Sh4_Exception_End1
                                  80000164         0   none ,g         * 
  I_RWDT_RWTCNT
                                  80000200         0   none ,l         * 
  D_RWDT_RWTCNT
                                  80000204         0   none ,l         * 
  I_RWDT_TWTCSR
                                  80000208         0   none ,l         * 
  D_RWDT_TWTCSR
                                  8000020c         0   none ,l         * 
  I_BSC_CMNCR
                                  80000210         0   none ,l         * 
  D_BSC_CMNCR
                                  80000214         0   none ,l         * 
  I_BSC_CS2BCR
                                  80000218         0   none ,l         * 
  D_BSC_CS2BCR
                                  8000021c         0   none ,l         * 
  I_BSC_CS3BCR
                                  80000220         0   none ,l         * 
  D_BSC_CS3BCR
                                  80000224         0   none ,l         * 
  I_BSC_CS5ABCR
                                  80000228         0   none ,l         * 
  D_BSC_CS5ABCR
                                  8000022c         0   none ,l         * 
  I_BSC_CS5BBCR
                                  80000230         0   none ,l         * 
  D_BSC_CS5BBCR
                                  80000234         0   none ,l         * 
  I_BSC_CS2WCR
                                  80000238         0   none ,l         * 
  D_BSC_CS2WCR
                                  8000023c         0   none ,l         * 
  I_BSC_CS3WCR
                                  80000240         0   none ,l         * 
  D_BSC_CS3WCR
                                  80000244         0   none ,l         * 
  I_BSC_CS5AWCR
                                  80000248         0   none ,l         * 
  D_BSC_CS5AWCR
                                  8000024c         0   none ,l         * 
  I_BSC_CS5BWCR
                                  80000250         0   none ,l         * 
  D_BSC_CS5BWCR
                                  80000254         0   none ,l         * 
  I_BSC_SDCR
                                  80000258         0   none ,l         * 
  D_BSC_SDCR
                                  8000025c         0   none ,l         * 
  I_BSC_RTCNT
                                  80000260         0   none ,l         * 
  D_BSC_RTCNT
                                  80000264         0   none ,l         * 
  I_BSC_RTCOR
                                  80000268         0   none ,l         * 
  D_BSC_RTCOR1
                                  8000026c         0   none ,l         * 
  D_BSC_RTCOR2
                                  80000270         0   none ,l         * 
  I_BSC_RTCSR
                                  80000274         0   none ,l         * 
  D_BSC_RTCSR
                                  80000278         0   none ,l         * 
  I_CPG_FRQCR
                                  8000027c         0   none ,l         * 
  D_CPG_FRQCR
                                  80000280         0   none ,l         * 
  I_CPG_PLLCR
                                  80000284         0   none ,l         * 
  D_CPG_PLLCR
                                  80000288         0   none ,l         * 
  I_BSC_SDMR3
                                  8000028c         0   none ,l         * 
  I_CCR
                                  80000290         0   none ,l         * 
  D_CCR
                                  80000294         0   none ,l         * 
  __ocbi_
                                  80000298         0   none ,g         * 
  __ocbp_
                                  8000029e         0   none ,g         * 
  __ocbwb_
                                  800002a4         0   none ,g         * 
  _Sh4_Exception_Entry4
                                  80000400         0   none ,g         * 
  _Exception_Entry4_Addr
                                  80000460         0   none ,l         * 
  _Sh4_Exception_End4
                                  80000464         0   none ,g         * 
  _Sh4_IRQ_Entry
                                  80000600         0   none ,g         * 
  _Intevt2_Entry_Addr
                                  80000640         0   none ,l         * 
  _Sh4_IRQ_End
                                  80000644         0   none ,g         * 

SECTION=Pinit
FILE=SH7730_Main
                                  80000800  8000095b       15c
  __Cache_Purge
                                  80000800        3e   func ,l         *   ch
  __INITSCT
                                  8000083e        a4   func ,l         * 
  __INIT
                                  800008e2        10   func ,g         * 
  __exit
                                  800008f2        14   func ,g         * 
  __main
                                  80000906        56   func ,g         *   ch

SECTION=Cinit
FILE=SH7730_Main
                                  8000095c  80000987        2c
  __P_ROM
                                  8000095c         4   data ,l         * 
  __P_BGN
                                  80000960         4   data ,l         * 
  __P_END
                                  80000964         4   data ,l         * 
  __C_ROM
                                  80000968         4   data ,l         * 
  __C_BGN
                                  8000096c         4   data ,l         * 
  __C_END
                                  80000970         4   data ,l         * 
  __B_BGN
                                  80000974         4   data ,l         * 
  __B_END
                                  80000978         4   data ,l         * 
  __D_ROM
                                  8000097c         4   data ,l         * 
  __D_BGN
                                  80000980         4   data ,l         * 
  __D_END
                                  80000984         4   data ,l         * 

SECTION=P
FILE=DebugL/main.o
                                  80000988  80000fb7       630
FILE=DebugL/battleShip.o
                                  80000fb8  8000177d       7c6
FILE=DebugL/field.o
                                  80001780  80001c8b       50c
FILE=DebugL/player.o
                                  80001c8c  80001e5b       1d0
FILE=DebugL/game.o
                                  80001e5c  80003c3b      1de0
FILE=DebugL/agtouch.o
                                  80003c3c  80003fd7       39c
FILE=DebugL/touch.o
                                  80003fd8  8000410b       134
FILE=DebugL/effect.o
                                  8000410c  8000415f        54
FILE=amlib
                                  80004160  800045e7       488
FILE=agdraw
                                  800045e8  80004937       350
FILE=agtransfer
                                  80004938  80004b0b       1d4
FILE=dprintf
                                  80004b0c  8000548b       980
FILE=agetool
                                  8000548c  800058b3       428
FILE=SH7730_agp
                                  800058b4  80005d4b       498
FILE=SH7730_Sci2
                                  80005d4c  80005d93        48
FILE=agPDevSync
                                  80005d94  800064d7       744
FILE=__divls
                                  800064d8  800065cb        f4
FILE=__modls
                                  800065cc  800066bf        f4
FILE=strlen
                                  800066c0  800066e5        26
FILE=SH7730_Int
                                  800066e8  80006f7b       894
FILE=SH7730_Sci
                                  80006f7c  80006fef        74
FILE=SH7730_Scif4
                                  80006ff0  800072f7       308
FILE=initialize
                                  800072f8  80007bcf       8d8
FILE=SH7730_GamePad
                                  80007bd0  80007be7        18
FILE=SH7730_Sci1
                                  80007be8  80007c23        3c
FILE=cosf
                                  80007c24  80007c5b        38
FILE=sinf
                                  80007c5c  80007ca3        48
FILE=SH7730_Scif0
                                  80007ca4  80008017       374
FILE=SH7730_Scif1
                                  80008018  8000833b       324
FILE=sincosfsub_fpu
                                  8000833c  80008507       1cc
FILE=fmodf
                                  80008508  80008613       10c
FILE=nanf
                                  80008614  80008627        14
FILE=_i_fmds
                                  80008628  800087d3       1ac

SECTION=C
FILE=DebugL/main.o
                                  800087d4  80008822        4f
FILE=DebugL/export.o
                                  80008824  80008cc3       4a0
FILE=DebugL/battleShip.o
                                  80008cc4  80008cdb        18
FILE=DebugL/game.o
                                  80008cdc  80008d29        4e
FILE=DebugL/agtouch.o
                                  80008d2c  80008d4e        23
FILE=dprintf
                                  80008d50  80008dc6        77
FILE=agetool
                                  80008dc8  8000924a       483
FILE=agPDevSync
                                  8000924c  80009297        4c
FILE=agpicture
                                  80009298  800092b3        1c
FILE=SH7730_Int
                                  800092b4  800094f4       241
FILE=SH7730_Scif4
                                  800094f8  80009550        59
FILE=SH7730_Scif0
                                  80009554  800095ac        59
FILE=SH7730_Scif1
                                  800095b0  80009608        59
FILE=floatval
                                  8000960c  80009633        28
FILE=consts
                                  80009634  80009697        64

SECTION=D
FILE=DebugL/main.o
                                  80009698  8000969f         8
FILE=DebugL/agtouch.o
                                  800096a0  800096d7        38
FILE=dprintf
                                  800096d8  800096db         4
FILE=agPDevSync
                                  800096dc  800096ef        14
FILE=SH7730_Sci
                                  800096f0  800096f3         4
FILE=SH7730_Scif4
                                  800096f4  800096f7         4
FILE=SH7730_Scif0
                                  800096f8  800096fb         4
FILE=SH7730_Scif1
                                  800096fc  800096ff         4
FILE=sincosfsub_fpu
                                  80009700  8000973b        3c

SECTION=Q
FILE=DebugL/main.o
                                  8c000000  8c00062f       630
  _drawNumberGraph
                                  8c000000       154   func ,g         * 
  _ifnc_vsync
                                  8c000154        12   func ,l         * 
  _ifnc_draw
                                  8c000166        10   func ,l         * 
  _main
                                  8c000176       4ba   func ,g         *   ch
FILE=DebugL/battleShip.o
                                  8c000630  8c000df5       7c6
  _drawSkeltonBattleShip
                                  8c000630       27e   func ,g         * 
  _drawBattleShip
                                  8c0008ae       242   func ,g         * 
  _drawBattleShip2
                                  8c000af0       208   func ,g         * 
  _getBattleShipPosition
                                  8c000cf8        a4   func ,g         * 
  _isThereBattleShip
                                  8c000d9c        5a   func ,g         * 
FILE=DebugL/field.o
                                  8c000df8  8c001303       50c
  _initField
                                  8c000df8        c2   func ,g         * 
  _drawField
                                  8c000eba        c0   func ,g         * 
  _drawFieldColor
                                  8c000f7a       38a   func ,g         * 
FILE=DebugL/player.o
                                  8c001304  8c0014d3       1d0
  _initPlayer
                                  8c001304       176   func ,g         * 
  _getBattleShip
                                  8c00147a        5a   func ,g         *   ch
FILE=DebugL/game.o
                                  8c0014d4  8c0032b3      1de0
  _runStart
                                  8c0014d4        44   func ,g         * 
  _drawStart
                                  8c001518       10e   func ,g         * 
  _runSet
                                  8c001626       414   func ,g         * 
  _drawSet
                                  8c001a3a       424   func ,g         *   ch
  _runBattle
                                  8c001e5e       58a   func ,g         *   ch
  _runTurnBattle
                                  8c0023e8       52a   func ,g         * 
  _drawBattle
                                  8c002912       2c4   func ,g         * 
  _runEnd
                                  8c002bd6        8a   func ,g         * 
  _drawEnd
                                  8c002c60       14e   func ,g         *   ch
  _getTouchObject
                                  8c002dae       112   func ,g         * 
  _getReleaseObject
                                  8c002ec0        a8   func ,g         *   ch
  _placeable
                                  8c002f68        c2   func ,g         * 
  _isPushedRotation
                                  8c00302a        44   func ,g         * 
  _rotationBattleShip
                                  8c00306e        96   func ,g         * 
  _isPushedStart
                                  8c003104        44   func ,g         * 
  _isOverlap
                                  8c003148       16c   func ,g         * 
FILE=DebugL/agtouch.o
                                  8c0032b4  8c00364f       39c
  _agTouchInit
                                  8c0032b4        50   func ,g         * 
  __agTouchData
                                  8c003304       240   func ,l         * 
  _agTouchGetData
                                  8c003544       10c   func ,g         * 
FILE=DebugL/touch.o
                                  8c003650  8c003783       134
  _initTouch
                                  8c003650        42   func ,g         * 
  _getTouch
                                  8c003692        f2   func ,g         * 
FILE=DebugL/effect.o
                                  8c003784  8c0037d7        54
  _initEffect
                                  8c003784         e   func ,g         * 
  _countEffect
                                  8c003792        46   func ,g         * 
FILE=amlib
                                  8c0037d8  8c003c5f       488
  _aglInitialize
                                  8c0037d8        7e   func ,g         * 
  _aglGetReg
                                  8c003856         e   func ,g         * 
  _aglSetReg
                                  8c003864         c   func ,g         * 
  _aglSetFBIndex
                                  8c003870        44   func ,g         * 
  _aglGetDspAIndex
                                  8c0038b4        34   func ,g         * 
  _aglGetDspBIndex
                                  8c0038e8        34   func ,g         * 
  _aglGetDrawFrameA
                                  8c00391c        1e   func ,g         * 
  _aglGetDrawFrameB
                                  8c00393a        24   func ,g         *   ch
  _aglGetDrawFrame
                                  8c00395e        56   func ,g         * 
  _aglSwap
                                  8c0039b4        20   func ,g         * 
  _aglSwapA
                                  8c0039d4        34   func ,g         * 
  _aglSwapB
                                  8c003a08        34   func ,g         * 
  _aglWaitVSync
                                  8c003a3c        24   func ,g         * 
  _aglWaitVSyncA
                                  8c003a60        28   func ,g         * 
  _aglWaitVSyncB
                                  8c003a88        3c   func ,g         *   ch
  _aglIntHandler
                                  8c003ac4        a8   func ,g         * 
  _aglSearchNewCallbackSpace
                                  8c003b6c        4c   func ,l         *   ch
  _aglAddInterruptCallback
                                  8c003bb8        98   func ,g         *   ch
  _aglSetMainDisplay
                                  8c003c50        10   func ,g         *   ch
FILE=agdraw
                                  8c003c60  8c003faf       350
  _agDrawBufferInit
                                  8c003c60        1c   func ,g         * 
  _agDrawEODL
                                  8c003c7c        44   func ,g         *   ch
  _agDrawSETDAVR
                                  8c003cc0        50   func ,g         * 
  _agDrawSETDAVF
                                  8c003d10        48   func ,g         * 
  _agDrawSETFCOLOR
                                  8c003d58        22   func ,g         * 
  _agDrawSETTXATR
                                  8c003d7a        e6   func ,g         * 
  _agDrawSETDBMODE
                                  8c003e60        4a   func ,g         * 
  _agDrawSPRITE
                                  8c003eaa        68   func ,g         * 
  _agDrawTXLOAD2AAC
                                  8c003f12        9e   func ,g         * 
FILE=agtransfer
                                  8c003fb0  8c004183       1d4
  _agTransferDrawDMAAsync
                                  8c003fb0        e6   func ,g         *   ch
  _agTransferDrawWait
                                  8c004096        ba   func ,g         *   ch
  _agTransferDrawDMA
                                  8c004150        34   func ,g         *   ch
FILE=dprintf
                                  8c004184  8c004b03       980
  __prf_check
                                  8c004184        a0   func ,l         * 
  __prline
                                  8c004224        30   func ,l         * 
  __prdata
                                  8c004254       200   func ,l         * 
  __dprintfunc_init
                                  8c004454         a   func ,g         * 
  __put_db
                                  8c00445e        1e   func ,l         * 
  __dprintf
                                  8c00447c       688   func ,g         * 
FILE=agetool
                                  8c004b04  8c004f2b       428
  _ageTransferAAC
                                  8c004b04       1e8   func ,g         *   ch
  _ageTransferAAC_RM3
                                  8c004cec       240   func ,g         *   ch
FILE=SH7730_agp
                                  8c004f2c  8c0053c3       498
  _agpPreInitialize
                                  8c004f2c        c8   func ,g         *   ch
  _agpPostInitialize
                                  8c004ff4        dc   func ,g         *   ch
  __Cache_Purge
                                  8c0050d0        36   func ,l         * 
  _agpDMAWriteStart
                                  8c005106       23a   func ,g         *   ch
  _agpDMAIsFinish
                                  8c005340        26   func ,g         * 
  _agpDMAStop
                                  8c005366         e   func ,g         * 
  _agpDisableCpuInterrupts
                                  8c005374        10   func ,g         * 
  _agpEnableCpuInterrupts
                                  8c005384        40   func ,g         * 
FILE=SH7730_Sci2
                                  8c0053c4  8c00540b        48
  _IoSci2_Init
                                  8c0053c4        1a   func ,g         * 
  _IoSci2_SetRTS
                                  8c0053de         e   func ,g         * 
  _IoSci2_RecvData
                                  8c0053ec        20   func ,g         *   ch
FILE=agPDevSync
                                  8c00540c  8c005b4f       744
  _SendBuff_SetBits
                                  8c00540c        96   func ,l         * 
  _RecvBuff_GetBits
                                  8c0054a2        92   func ,l         * 
  _SendBuff_MakeData
                                  8c005534        6e   func ,l         * 
  _Send
                                  8c0055a2        2a   func ,l         * 
  __agPDevSyncSend
                                  8c0055cc        50   func ,l         * 
  __agPDevSyncFunc
                                  8c00561c       118   func ,l         * 
  _agPDevSyncInit
                                  8c005734       1e6   func ,g         * 
  _agPDevSyncIdle
                                  8c00591a        d8   func ,g         * 
  _agPDevSyncWait
                                  8c0059f2        a0   func ,g         * 
  _agPDevSyncGetData
                                  8c005a92        90   func ,g         * 
  _agPDevSyncGetMyID
                                  8c005b22        2e   func ,g         *   ch
FILE=__divls
                                  8c005b50  8c005c43        f4
  
                                  8c005b50         0   none ,l         * 
  
                                  8c005b58         0   none ,l         * 
  
                                  8c005b62         0   none ,l         * 
  __divls
                                  8c005b68         0   none ,g         * 
  __divlu
                                  8c005b70         0   none ,g         * 
  
                                  8c005b98         0   none ,l         * 
  
                                  8c005bf0         0   none ,l         * 
  
                                  8c005bf6         0   none ,l         * 
FILE=__modls
                                  8c005c44  8c005d37        f4
  __modls
                                  8c005c44         0   none ,g         * 
  
                                  8c005c4a         0   none ,l         * 
  __modlu
                                  8c005c5c         0   none ,g         * 
  
                                  8c005c82         0   none ,l         * 
  
                                  8c005c88         0   none ,l         * 
  
                                  8c005cda         0   none ,l         * 
  
                                  8c005ce2         0   none ,l         * 
  
                                  8c005ce8         0   none ,l         * 
  
                                  8c005d32         0   none ,l         * 
FILE=strlen
                                  8c005d38  8c005d5d        26
  _strlen
                                  8c005d38        26   func ,g         * 
FILE=SH7730_Int
                                  8c005d60  8c0065f3       894
  _Intevt_Init
                                  8c005d60        2e   func ,l         * 
  _Intevt2_SetFunc
                                  8c005d8e        16   func ,g         * 
  _Intevt2_Entry
                                  8c005da4        78   func ,g         * 
  _INTC_Init
                                  8c005e1c       13a   func ,g         * 
  _INTC_ClearIPR
                                  8c005f56        44   func ,g         * 
  _INTC_GetIPR
                                  8c005f9a       122   func ,g         * 
  _INTC_SetIPR
                                  8c0060bc        da   func ,g         * 
  __Exception_Entry
                                  8c006196       3fc   func ,l         *   ch
  _Exception_Entry1
                                  8c006592        12   func ,g         * 
  _Exception_Entry4
                                  8c0065a4        50   func ,g         * 
FILE=SH7730_Sci
                                  8c0065f4  8c006667        74
  _IoSci_Init
                                  8c0065f4        1c   func ,g         *   ch
  _IoSci_PutEnable
                                  8c006610         a   func ,g         * 
  __putch
                                  8c00661a        18   func ,g         *   ch
  __putch_wait
                                  8c006632        14   func ,g         *   ch
  __puts
                                  8c006646        22   func ,g         *   ch
FILE=SH7730_Scif4
                                  8c006668  8c00696f       308
  _IoScifx_SET_BRR
                                  8c006668        fc   func ,l         *   ch
  _IoScif4_Init
                                  8c006764       14e   func ,g         * 
  _IoScif4_SetRTS
                                  8c0068b2        4a   func ,g         *   ch
  _IoScif4_RecvData
                                  8c0068fc        74   func ,g         *   ch
FILE=initialize
                                  8c006970  8c007247       8d8
  _agpVDPInitialize
                                  8c006970       8d8   func ,g         *   ch
FILE=SH7730_GamePad
                                  8c007248  8c00725f        18
  _agpGamePadGetDipSw
                                  8c007248        18   func ,g         *   ch
FILE=SH7730_Sci1
                                  8c007260  8c00729b        3c
  _IoSci1_Init
                                  8c007260        18   func ,g         *   ch
  _IoSci1_RecvData
                                  8c007278        10   func ,g         *   ch
  _IoSci1_SendData
                                  8c007288        14   func ,g         *   ch
FILE=cosf
                                  8c00729c  8c0072d3        38
  _cosf
                                  8c00729c        38   func ,g         * 
FILE=sinf
                                  8c0072d4  8c00731b        48
  _sinf
                                  8c0072d4        48   func ,g         * 
FILE=SH7730_Scif0
                                  8c00731c  8c00768f       374
  _IoScifx_SET_BRR
                                  8c00731c       100   func ,l         * 
  _IoScif0_Init
                                  8c00741c       14c   func ,g         *   ch
  _IoScif0_SendReady
                                  8c007568        68   func ,g         *   ch
  _IoScif0_SendData
                                  8c0075d0        2e   func ,g         * 
  __ioscif0_putch
                                  8c0075fe        32   func ,g         * 
  __ioscif0_putch_wait
                                  8c007630        24   func ,g         * 
  __ioscif0_puts
                                  8c007654        3c   func ,g         *   ch
FILE=SH7730_Scif1
                                  8c007690  8c0079b3       324
  _IoScifx_SET_BRR
                                  8c007690       100   func ,l         * 
  _IoScif1_Init
                                  8c007790       14c   func ,g         *   ch
  _IoScif1_RecvData
                                  8c0078dc        a6   func ,g         * 
  _IoScif1_SendData
                                  8c007982        32   func ,g         *   ch
FILE=sincosfsub_fpu
                                  8c0079b4  8c007b7f       1cc
  ___poly_sinf
                                  8c0079b4        4c   func ,g         * 
  ___poly_cosf
                                  8c007a00        42   func ,g         * 
  _poly_cosfn
                                  8c007a42         e   func ,l         * 
  _poly_sinfn
                                  8c007a50         e   func ,l         * 
  _sincosf_special
                                  8c007a5e        52   func ,l         * 
  ___internal_sincosf
                                  8c007ab0        d0   func ,g         * 
FILE=fmodf
                                  8c007b80  8c007c8b       10c
  __istypes
                                  8c007b80        4a   func ,l         * 
  __in_truncs
                                  8c007bca        38   func ,l         * 
  __polinos
                                  8c007c02        22   func ,l         * 
  _fmodf
                                  8c007c24        68   func ,g         * 
FILE=nanf
                                  8c007c8c  8c007c9f        14
  ___nanf_value
                                  8c007c8c        14   func ,g         * 
FILE=_i_fmds
                                  8c007ca0  8c007e4b       1ac
  __istypes
                                  8c007ca0        4a   func ,l         * 
  __in_truncs
                                  8c007cea        38   func ,l         * 
  __polinos
                                  8c007d22        22   func ,l         * 
  __in_fmods
                                  8c007d44       108   func ,g         * 

SECTION=R
FILE=DebugL/main.o
                                  8c007e4c  8c007e53         8
  __SystemVSyncCount
                                  8c007e4c         4   data ,l         * 
  _DrawExecFlag
                                  8c007e50         4   data ,l         * 
FILE=DebugL/agtouch.o
                                  8c007e54  8c007e8b        38
  _L_SCALE_X
                                  8c007e54         4   data ,l         * 
  _L_SCALE_Y
                                  8c007e58         4   data ,l         * 
  _agTouchInit_Flag
                                  8c007e5c         4   data ,l         * 
  _touch_data_exist
                                  8c007e60         4   data ,l         * 
  _sync_loop$11
                                  8c007e64         4   data ,l         * 
  _sync_chck$12
                                  8c007e68         4   data ,l         * 
  __sync_loop$13
                                  8c007e6c         4   data ,l         * 
  _data_nums$14
                                  8c007e70         4   data ,l         * 
  _init_flag$15
                                  8c007e74         4   data ,l         * 
  _data_rpos$17
                                  8c007e78         4   data ,l         * 
  _px$18
                                  8c007e7c         4   data ,l         * 
  _py$19
                                  8c007e80         4   data ,l         * 
  _pd$20
                                  8c007e84         4   data ,l         * 
  _init_skip$34
                                  8c007e88         4   data ,l         * 
FILE=dprintf
                                  8c007e8c  8c007e8f         4
  __putch_func
                                  8c007e8c         4   data ,l         * 
FILE=agPDevSync
                                  8c007e90  8c007ea3        14
  _SyncMode
                                  8c007e90         4   data ,l         * 
  _SyncID
                                  8c007e94         4   data ,l         * 
  _SyncStat
                                  8c007e98         4   data ,l         * 
  _SendBuff_BitPos
                                  8c007e9c         4   data ,l         * 
  _RecvBuff_BitPos
                                  8c007ea0         4   data ,l         * 
FILE=SH7730_Sci
                                  8c007ea4  8c007ea7         4
  _sci_skip
                                  8c007ea4         4   data ,l         * 
FILE=SH7730_Scif4
                                  8c007ea8  8c007eab         4
  _IoScifx_Init_Flag
                                  8c007ea8         4   data ,l         * 
FILE=SH7730_Scif0
                                  8c007eac  8c007eaf         4
  _IoScifx_Init_Flag
                                  8c007eac         4   data ,l         * 
FILE=SH7730_Scif1
                                  8c007eb0  8c007eb3         4
  _IoScifx_Init_Flag
                                  8c007eb0         4   data ,l         * 
FILE=sincosfsub_fpu
                                  8c007eb4  8c007eef        3c
  _sinf_coeff
                                  8c007eb4        10   data ,l         * 
  _cosf_coeff
                                  8c007ec4        10   data ,l         * 
  _pi4ptr_table
                                  8c007ed4         c   data ,l         * 
  _sub_table
                                  8c007ee0        10   data ,l         * 

SECTION=S
FILE=DebugL/main.o
                                  8c007ef0  8c007f3e        4f
FILE=DebugL/export.o
                                  8c007f40  8c0083df       4a0
  _ageRM
                                  8c007f40       2b8   data ,g         * 
  _ageRM3Offsets0000
                                  8c0081f8       190   data ,g         * 
  _ageRM3Offsets0001
                                  8c008388        28   data ,g         * 
  _ageRM3
                                  8c0083b0        30   data ,g         * 
FILE=DebugL/battleShip.o
                                  8c0083e0  8c0083f7        18
FILE=DebugL/game.o
                                  8c0083f8  8c008445        4e
FILE=DebugL/agtouch.o
                                  8c008448  8c00846a        23
FILE=dprintf
                                  8c00846c  8c0084e2        77
  _la_str$14
                                  8c00846c        13   data ,l         * 
  _ua_str$15
                                  8c00847f        13   data ,l         * 
  _lk_str$16
                                  8c008492        25   data ,l         * 
  _uk_str$17
                                  8c0084b7        25   data ,l         * 
FILE=agetool
                                  8c0084e4  8c008966       483
  _CMMap
                                  8c0084e4        24   data ,l         * 
  _CompressMap
                                  8c008508        24   data ,l         * 
FILE=agPDevSync
                                  8c008968  8c0089b3        4c
FILE=agpicture
                                  8c0089b4  8c0089cf        1c
FILE=SH7730_Int
                                  8c0089d0  8c008c10       241
FILE=SH7730_Scif4
                                  8c008c14  8c008c6c        59
FILE=SH7730_Scif0
                                  8c008c70  8c008cc8        59
FILE=SH7730_Scif1
                                  8c008ccc  8c008d24        59
FILE=floatval
                                  8c008d28  8c008d4f        28
  __FLT_MAX_VAL
                                  8c008d28         0   none ,g         * 
  __FLT_MIN_VAL
                                  8c008d2c         0   none ,g         * 
  __DBL_MAX_VAL
                                  8c008d30         0   none ,g         * 
  __DBL_MIN_VAL
                                  8c008d38         0   none ,g         * 
  __LDBL_MAX_VAL
                                  8c008d40         0   none ,g         * 
  __LDBL_MIN_VAL
                                  8c008d48         0   none ,g         * 
FILE=consts
                                  8c008d50  8c008db3        64
  __IFNANS
                                  8c008d50         4   data ,g         * 
  __IFZEROS
                                  8c008d54         4   data ,g         * 
  __IFINFS
                                  8c008d58         4   data ,g         * 
  __IFONES
                                  8c008d5c         4   data ,g         * 
  __HALFS
                                  8c008d60         4   data ,g         * 
  __QUOTS
                                  8c008d64         4   data ,g         * 
  __TWOS
                                  8c008d68         4   data ,g         * 
  __FOURS
                                  8c008d6c         4   data ,g         * 
  __PAIS
                                  8c008d70         4   data ,g         * 
  __2PAIS
                                  8c008d74         4   data ,g         * 
  __HLFPAIS
                                  8c008d78         4   data ,g         * 
  __QUOPAIS
                                  8c008d7c         4   data ,g         * 
  __LOGE2S
                                  8c008d80         4   data ,g         * 
  __NIFZEROS
                                  8c008d84         4   data ,g         * 
  __NIFINFS
                                  8c008d88         4   data ,g         * 
  __NIFONES
                                  8c008d8c         4   data ,g         * 
  __NHALFS
                                  8c008d90         4   data ,g         * 
  __NQUOTS
                                  8c008d94         4   data ,g         * 
  __NTWOS
                                  8c008d98         4   data ,g         * 
  __NFOURS
                                  8c008d9c         4   data ,g         * 
  __NPAIS
                                  8c008da0         4   data ,g         * 
  __N2PAIS
                                  8c008da4         4   data ,g         * 
  __NHLFPAIS
                                  8c008da8         4   data ,g         * 
  __NQUOPAIS
                                  8c008dac         4   data ,g         * 
  __NLOGE2S
                                  8c008db0         4   data ,g         * 

SECTION=B
FILE=DebugL/game.o
                                  8c008db4  8c030de3     28030
  _DrawBuffer
                                  8c008db4     28000   data ,g         * 
  _hold
                                  8c030db4        30   data ,g         * 
FILE=DebugL/agtouch.o
                                  8c030de4  8c030de8         5
  _data_buff$16
                                  8c030de4         5   data ,l         * 
FILE=amlib
                                  8c030dec  8c031013       228
  _int_flags
                                  8c030dec        1c   data ,l         * 
  _VCntA
                                  8c030e08         4   data ,l         * 
  _VCntB
                                  8c030e0c         4   data ,l         * 
  _g_DispFrameA
                                  8c030e10         1   data ,l         * 
  _g_DispFrameB
                                  8c030e11         1   data ,l         * 
  _g_MainDisplay
                                  8c030e12         1   data ,l         * 
  _g_CallbackChain
                                  8c030e14       200   data ,l         * 
FILE=agPDevSync
                                  8c031014  8c03105f        4c
  _pdev_data
                                  8c031014        18   data ,l         * 
  _pdev_back
                                  8c03102c        18   data ,l         * 
  _SendBuff
                                  8c031044         7   data ,l         * 
  _RecvBuff
                                  8c03104b         7   data ,l         * 
  _SyncBuff
                                  8c031052         e   data ,l         * 
FILE=SH7730_Int
                                  8c031060  8c03145f       400
  _intevt_table
                                  8c031060       200   data ,l         * 
  _intevt_error
                                  8c031260       200   data ,l         * 
FILE=_errno
                                  8c031460  8c031463         4
  __errno
                                  8c031460         4   data ,g         * 

SECTION=STACK
FILE=SH7730_vect
                                  8dff0000  8dff0001         2

Absolute value symbols
FILE=SH7730_vect
  ICLK
                                  0bebc200         0   none ,l         * 
  __STACK
                                  8e000000         0   none ,g         * 

*** Delete Symbols ***

SYMBOL                                SIZE    INFO

_ageReserve
                                         4    data ,g
_ageUser
                                         4    data ,g
_ageVG
                                         8    data ,g
_ageVGCnt
                                         2    data ,g
_ageMot
                                        18    data ,g
_ageSRM
                                         8    data ,g
_ageSS
                                        10    data ,g
_ageMotCommon
                                         4    data ,g
_initBattleShip
                                         4    func ,g
_initGame
                                        10    func ,g
_aglSetFBEnable
                                        1e    func ,w
_aglGetFBIndex
                                        60    func ,w
_aglGetFBGAddr
                                        26    func ,w
_aglGetFBHSize
                                        20    func ,w
_aglGetFBEnable
                                        1a    func ,w
_aglGetDspIndex
                                        2a    func ,w
_aglGetDispFrameA
                                        1a    func ,w
_aglGetDispFrameB
                                        1a    func ,w
_aglGetDispFrame
                                        2a    func ,w
_aglSwapDispOff
                                        20    func ,w
_aglSwapADispOff
                                        2e    func ,w
_aglSwapBDispOff
                                        2e    func ,w
_aglDispOn
                                        26    func ,w
_aglDispOnA
                                        48    func ,w
_aglDispOnB
                                        48    func ,w
_aglWaitVSyncN
                                        26    func ,w
_aglWaitVSyncNA
                                        2e    func ,w
_aglWaitVSyncNB
                                        4a    func ,w
_aglWaitVLine
                                        20    func ,w
_aglWaitVLineA
                                        20    func ,w
_aglWaitVLineB
                                        20    func ,w
_aglWaitDrawInt
                                        20    func ,w
_aglWaitDraw
                                        20    func ,w
_aglWaitTransferA
                                        1c    func ,w
_aglWaitTransferB
                                        20    func ,w
_aglWaitCheckSum
                                        20    func ,w
_aglWaitSMC1
                                        20    func ,w
_aglWaitSMC2
                                        20    func ,w
_aglGetActiveInterrupts
                                        12    func ,w
_aglSetActiveInterrupts
                                        10    func ,w
_aglGetInterruptCallback
                                        1c    func ,w
_aglInsertInterruptCallback
                                        a6    func ,w
_aglRemoveInterruptCallback
                                        b4    func ,w
_aglGetVSyncFlag
                                        26    func ,w
_aglGetVSyncFlagA
                                        10    func ,w
_aglGetVSyncFlagB
                                        10    func ,w
_aglSetVSyncFlag
                                        20    func ,w
_aglSetVSyncFlagA
                                         a    func ,w
_aglSetVSyncFlagB
                                         a    func ,w
_aglGetVLineFlag
                                        26    func ,w
_aglGetVLineFlagA
                                        10    func ,w
_aglGetVLineFlagB
                                        10    func ,w
_aglSetVLineFlag
                                        2c    func ,w
_aglSetVLineFlagA
                                         a    func ,w
_aglSetVLineFlagB
                                         a    func ,w
_aglGetDrawIntFlag
                                        10    func ,w
_aglSetDrawIntFlag
                                         a    func ,w
_aglGetDrawErrorFlag
                                        10    func ,w
_aglSetDrawErrorFlag
                                         a    func ,w
_aglGetDrawFlag
                                        10    func ,w
_aglSetDrawFlag
                                         a    func ,w
_aglGetTransferAFlag
                                         e    func ,w
_aglSetTransferAFlag
                                         8    func ,w
_aglGetTransferBFlag
                                        10    func ,w
_aglSetTransferBFlag
                                         a    func ,w
_aglGetCheckSumFlag
                                        10    func ,w
_aglSetCheckSumFlag
                                         a    func ,w
_aglGetRM3ErrorFlag
                                        10    func ,w
_aglSetRM3ErrorFlag
                                         a    func ,w
_aglGetSoundSeqErrFlag
                                        10    func ,w
_aglSetSoundSeqErrFlag
                                         a    func ,w
_aglGetSoundDecErrFlag
                                        10    func ,w
_aglSetSoundDecErrFlag
                                         a    func ,w
_aglGetSoundBusErrFlag
                                        10    func ,w
_aglSetSoundBusErrFlag
                                         a    func ,w
_aglGetSoundDataErrFlag
                                        10    func ,w
_aglSetSoundDataErrFlag
                                         a    func ,w
_aglGetSoundPeakErrFlag
                                        10    func ,w
_aglSetSoundPeakErrFlag
                                         a    func ,w
_aglGetSoundFIFOEmptyFlag
                                        10    func ,w
_aglSetSoundFIFOEmptyFlag
                                         a    func ,w
_aglGetSoundCmdListFlag
                                        10    func ,w
_aglSetSoundCmdListFlag
                                         a    func ,w
_aglGetSMC1Flag
                                        10    func ,w
_aglSetSMC1Flag
                                         a    func ,w
_aglGetSMC2Flag
                                        10    func ,w
_aglSetSMC2Flag
                                         a    func ,w
_aglGetSMCMotorFlag
                                        10    func ,w
_aglSetSMCMotorFlag
                                         a    func ,w
_aglGetSMCInputFlag
                                        10    func ,w
_aglSetSMCInputFlag
                                         a    func ,w
_aglGetVsyncCount
                                        26    func ,w
_aglGetVsyncCountA
                                         c    func ,w
_aglGetVsyncCountB
                                         c    func ,w
_aglGetMainDisplay
                                        1c    func ,w
_agDrawNOP
                                        1a    func ,w
_agDrawBFLUSH
                                        2c    func ,w
_agDrawIDXEFCLR
                                        24    func ,w
_agDrawIDXEFWAIT
                                        24    func ,w
_agDrawJUMPSUB
                                        36    func ,w
_agDrawDL2VRAM
                                        36    func ,w
_agDrawINT
                                        2a    func ,w
_agDrawEXERM3DEC
                                        46    func ,w
_agDrawEXERM3DEC_START
                                        3a    func ,w
_agDrawSETPXMASK
                                        24    func ,w
_agDrawSETATEST
                                        3e    func ,w
_agDrawSETDTEST
                                        2e    func ,w
_agDrawSETSPRITEZ
                                        20    func ,w
_agDrawSETFOG
                                        4a    func ,w
_agDrawSETINDEX
                                        3c    func ,w
_agDrawSETPRMBLNDA
                                        50    func ,w
_agDrawSETPBCNSTA
                                        4a    func ,w
_agDrawSETPRMBLNDC
                                        50    func ,w
_agDrawSETPBCNSTC
                                        4a    func ,w
_agDrawSETALPHABLNDA
                                        86    func ,w
_agDrawSETALPHABLNDC
                                        86    func ,w
_agDrawSETFPRMPAR
                                        90    func ,w
_agDrawRECTANGLE
                                        4a    func ,w
_agDrawSPRITE_UV
                                        9e    func ,w
_agDrawTRIANGLE
                                        64    func ,w
_agDrawTRIANGLE_T
                                        68    func ,w
_agDrawTRIANGLE_TP
                                        6c    func ,w
_agDrawTRIANGLE_TC
                                        6c    func ,w
_agDrawTRIANGLE_TPC
                                        68    func ,w
_agDrawTRIANGLE_PC
                                        76    func ,w
_agDrawTRIANGLE_P
                                        68    func ,w
_agDrawTRIANGLE_C
                                        68    func ,w
_agDrawSETAACINDEX
                                        2a    func ,w
_agDrawSETOFSCGBTX
                                        22    func ,w
_agDrawSetDList
                                        2c    func ,w
_agDrawUSER
                                        1a    func ,w
_agDrawUSER1
                                        1e    func ,w
_agDrawUSER2
                                        22    func ,w
_agTransferDrawFIFO
                                       22e    func ,w
_agTransferCgromToVram
                                        b6    func ,w
_agTransferCgromToVram2D
                                        f6    func ,w
_GetBlankArea
                                        68    func ,l
_GetBlankRM3Area
                                        3c    func ,l
_ageTexMgrSetIndex
                                        9e    func ,l
_ageTexMgrAllocRM3Container
                                       4c6    func ,l
_ageTexMgrTransferImage2DRM3
                                       3b6    func ,l
_ageTexMgrTransferImage2D
                                       220    func ,l
_ageTexMgrAllocRM3FixedAdder
                                       346    func ,l
_PalSizeMap
                                        24    data ,l
_pTMgr
                                         4    data ,l
_ageTransferAAC_Biliner
                                       206    func ,w
_ageTransferAAC_AP
                                       38a    func ,w
_ageTransferAAC_RM3_AP
                                       3ee    func ,w
_ageTexMgrInit
                                       14e    func ,w
_ageTexMgrAlloc
                                       188    func ,w
_ageTexMgrRemove
                                        b6    func ,w
_ageTexMgrRemoveType
                                        24    func ,w
_ageTexMgrRemoveTemporarySizeOnly
                                        78    func ,w
_ageTexMgrRemoveAllTemporaryIndex
                                        62    func ,w
_ageTexMgrRemoveTemporaryIndex
                                        82    func ,w
_ageTexMgrFindType
                                        6c    func ,w
_ageTexMgrSetStaticArea
                                       12a    func ,w
_ageTexMgrSetFixedArea
                                       100    func ,w
_ageTexMgrSetAttr
                                       3d8    func ,w
_ageTexMgrRM3Alloc
                                       3be    func ,w
_ageTexMgrInitRM3
                                        70    func ,w
_ageTexMgrRemoveRM3
                                       192    func ,w
_ageTexMgrRM3Decode
                                       282    func ,w
_ageTexMgrRM3DecodeRate
                                        a4    func ,w
_ageTexMgrRM3DecodeWait
                                       10a    func ,w
_ageTexMgrSetRM3Attr
                                       186    func ,w
_ageTexMgrGetRM3RomIndex
                                        52    func ,w
_ageTransferToVRAM
                                        c0    func ,w
_ageTransferToVRAM2D
                                        fc    func ,w
_ageTexMgrTransferVramGroup
                                       1fc    func ,w
_ageTexMgrInitRM3Member
                                       194    func ,w
_ageTexMgrDecodeRM3Member
                                        9a    func ,w
_ageTexMgrGetRM3MemberHandle
                                        84    func ,w
_ageTexMgrDecodeRateRM3Member
                                        9e    func ,w
_ageTexMgrSetRM3MemberAttr
                                        c4    func ,w
_ageTexMgrRemoveVramGroup
                                       122    func ,w
_ageTexMgrGetRM3Index
                                        3a    func ,w
_ageTexMgrGetRM3AlphaIndex
                                        88    func ,w
_ageTexMgrGetRM3NextIndex
                                        ae    func ,w
_ageTexMgrGetRM3NowFrame
                                        3e    func ,w
_agpDMAWait
                                        20    func ,w
_IoSci2_RecvReady
                                        12    func ,w
_IoSci2_SendReady
                                        12    func ,w
_IoSci2_SendData
                                        2e    func ,w
_agPDevSyncGetMode
                                         a    func ,w
_agPictureDrawContainer
                                       52a    func ,l
_agPictureRM3Container
                                       49a    func ,l
_agPictureRotTex_Base
                                       2d4    func ,l
_agPictureDivideContainer
                                       1ae    func ,w
_agPictureSetBlendMode
                                      1d8a    func ,w
_agPictureRect
                                       18a    func ,w
_agPictureTex
                                       25e    func ,w
_agPictureRM3
                                       21e    func ,w
_agPictureRM3I
                                       2b0    func ,w
_agPictureStretchTex
                                       1de    func ,w
_agPictureStretchRM3
                                       1c8    func ,w
_agPictureStretchRM3I
                                       1d8    func ,w
_agPictureRotRect
                                       2a0    func ,w
_agPictureRotTex
                                        8c    func ,w
_agPictureRotRM3
                                        76    func ,w
_agPictureRotRM3I
                                        7a    func ,w
_IoSci_PutDisable
                                         a    func ,w
__kbhit
                                        20    func ,w
__getch
                                        20    func ,w
_IoScif4_RecvReady
                                        54    func ,w
_IoScif4_SendReady
                                        6e    func ,w
_IoScif4_SendData
                                        2e    func ,w
__ioscif4_kbhit
                                        28    func ,w
__ioscif4_getch
                                        3c    func ,w
__ioscif4_putch
                                        32    func ,w
__ioscif4_putch_wait
                                        26    func ,w
__ioscif4_puts
                                        46    func ,w
_agpSoundInitialize
                                        58    func ,w
_agpGamePadGetData
                                        40    func ,w
_IoSci1_SetRTS
                                         e    func ,w
_IoSci1_RecvReady
                                        12    func ,w
_IoSci1_SendReady
                                        12    func ,w
_IoScif0_SetRTS
                                         6    func ,w
_IoScif0_RecvReady
                                        50    func ,w
_IoScif0_RecvData
                                        a6    func ,w
__ioscif0_kbhit
                                        28    func ,w
__ioscif0_getch
                                        3c    func ,w
_IoScif1_SetRTS
                                         6    func ,w
_IoScif1_RecvReady
                                        50    func ,w
_IoScif1_SendReady
                                        24    func ,w
__ioscif1_kbhit
                                        28    func ,w
__ioscif1_getch
                                        3c    func ,w
__ioscif1_putch
                                        32    func ,w
__ioscif1_putch_wait
                                        24    func ,w
__ioscif1_puts
                                        3e    func ,w

*** Variable Accessible with Abs8 ***

SYMBOL                                SIZE    COUNTS  OPTIMIZE

*** Variable Accessible with Abs16 ***

SYMBOL                                SIZE    COUNTS  OPTIMIZE

*** Function Call ***

SYMBOL                              COUNTS  OPTIMIZE
